******************************************************************************
            TI ARM Clang Linker Unix v3.2.1                    
******************************************************************************
>> Linked Sat May 10 00:05:47 2025

OUTPUT FILE NAME:   <lab8_test.out>
ENTRY POINT SYMBOL: "_c_int00_noargs"  address: 00000df1


MEMORY CONFIGURATION

         name            origin    length      used     unused   attr    fill
----------------------  --------  ---------  --------  --------  ----  --------
  FLASH                 00000000   00002000  00000fb0  00001050  R  X
  SRAM                  20000000   00000400  0000005d  000003a3  RW X
  BCR_CONFIG            41c00000   00000080  00000000  00000080  R   


SEGMENT ALLOCATION MAP

run origin  load origin   length   init length attrs members
----------  ----------- ---------- ----------- ----- -------
00000000    00000000    00000fb0   00000fb0    r-x
  00000000    00000000    000000c0   000000c0    r-- .intvecs
  000000c0    000000c0    00000e90   00000e90    r-x .text
  00000f50    00000f50    00000030   00000030    r-- .rodata
  00000f80    00000f80    00000030   00000030    r-- .cinit
20000000    20000000    0000001d   00000000    rw-
  20000000    20000000    00000018   00000000    rw- .data
  20000018    20000018    00000005   00000000    rw- .bss
200003c0    200003c0    00000040   00000000    rw-
  200003c0    200003c0    00000040   00000000    rw- .stack


SECTION ALLOCATION MAP

 output                                  attributes/
section   page    origin      length       input sections
--------  ----  ----------  ----------   ----------------
.intvecs   0    00000000    000000c0     
                  00000000    000000c0     startup_msps003fx_ticlang.o (.intvecs)

.text      0    000000c0    00000e90     
                  000000c0    0000017c     main.o (.text.main)
                  0000023c    0000010c     libclang_rt.builtins.a : divdf3.S.obj (.text.__divdf3)
                  00000348    00000104     driverlib.a : dl_timer.o (.text.DL_Timer_initFourCCPWMMode)
                  0000044c    000000e8                 : dl_timer.o (.text.DL_Timer_initTimerMode)
                  00000534    000000e4     libclang_rt.builtins.a : muldf3.S.obj (.text.__muldf3)
                  00000618    000000d8                            : addsf3.S.obj (.text)
                  000006f0    000000b4     ti_msp_dl_config.o (.text.SYSCFG_DL_PWM_0_init)
                  000007a4    0000009a     libc.a : memcpy16.S.obj (.text:memcpy)
                  0000083e    00000002     startup_msps003fx_ticlang.o (.text.Default_Handler)
                  00000840    0000008c     libc.a : s_floorf.c.obj (.text.floorf)
                  000008cc    00000078            : copy_decompress_lzss.c.obj (.text:decompress:lzss)
                  00000944    0000000a     driverlib.a : dl_common.o (.text.DL_Common_delayCycles)
                  0000094e    00000002     --HOLE-- [fill = 0]
                  00000950    00000074     libclang_rt.builtins.a : truncdfsf2.S.obj (.text.__truncdfsf2)
                  000009c4    00000070     main.o (.text.GPIOA_IRQHandler)
                  00000a34    00000068     libc.a : s_roundf.c.obj (.text.roundf)
                  00000a9c    00000064     ti_msp_dl_config.o (.text.SYSCFG_DL_GPIO_init)
                  00000b00    00000062     libclang_rt.builtins.a : aeabi_fcmp.S.obj (.text.__aeabi_fcmp)
                  00000b62    00000002     --HOLE-- [fill = 0]
                  00000b64    00000050     ti_msp_dl_config.o (.text.SYSCFG_DL_ADC12_0_init)
                  00000bb4    00000040     driverlib.a : dl_adc12.o (.text.DL_ADC12_setClockConfig)
                  00000bf4    00000040     ti_msp_dl_config.o (.text.SYSCFG_DL_initPower)
                  00000c34    0000003c     libclang_rt.builtins.a : comparesf2.S.obj (.text.__gtsf2)
                  00000c70    0000003c     libc.a : autoinit.c.obj (.text:__TI_auto_init_nobinit_nopinit)
                  00000cac    0000003a     libclang_rt.builtins.a : comparesf2.S.obj (.text.__eqsf2)
                  00000ce6    00000002     --HOLE-- [fill = 0]
                  00000ce8    0000003a                            : muldsi3.S.obj (.text.__muldsi3)
                  00000d22    00000002     --HOLE-- [fill = 0]
                  00000d24    00000038     ti_msp_dl_config.o (.text.SYSCFG_DL_TIMER_0_init)
                  00000d5c    00000038     libclang_rt.builtins.a : fixsfsi.S.obj (.text.__fixsfsi)
                  00000d94    00000030     ti_msp_dl_config.o (.text.SYSCFG_DL_SYSCTL_init)
                  00000dc4    0000002c     libclang_rt.builtins.a : floatsidf.S.obj (.text.__floatsidf)
                  00000df0    00000028     libc.a : boot_cortex_m.c.obj (.text:_c_int00_noargs)
                  00000e18    00000024     libclang_rt.builtins.a : floatunsidf.S.obj (.text.__floatunsidf)
                  00000e3c    00000020     ti_msp_dl_config.o (.text.SYSCFG_DL_init)
                  00000e5c    0000001c     main.o (.text.ADC0_IRQHandler)
                  00000e78    0000001c     driverlib.a : dl_timer.o (.text.DL_Timer_setCaptCompUpdateMethod)
                  00000e94    0000001c                 : dl_timer.o (.text.DL_Timer_setClockConfig)
                  00000eb0    00000018                 : dl_timer.o (.text.DL_Timer_setCaptureCompareOutCtl)
                  00000ec8    00000018     ti_msp_dl_config.o (.text.SYSCFG_DL_BEEPER_init)
                  00000ee0    00000016     libc.a : copy_zero_init.c.obj (.text:decompress:ZI:__TI_zero_init_nomemset)
                  00000ef6    00000012            : copy_decompress_none.c.obj (.text:decompress:none)
                  00000f08    00000010     driverlib.a : dl_timer.o (.text.DL_Timer_setCaptureCompareValue)
                  00000f18    0000000a     libc.a : s_roundf.c.obj (.text.OUTLINED_FUNCTION_0)
                  00000f22    00000002     --HOLE-- [fill = 0]
                  00000f24    00000010     libclang_rt.builtins.a : addsf3.S.obj (.tramp.__aeabi_fadd.1)
                  00000f34    00000008                            : aeabi_memcpy.S.obj (.text.__aeabi_memcpy)
                  00000f3c    00000004     startup_msps003fx_ticlang.o (.text.Reset_Handler)
                  00000f40    00000004     libc.a : pre_init.c.obj (.text._system_pre_init)
                  00000f44    00000004            : exit.c.obj (.text:abort)
                  00000f48    00000008     --HOLE-- [fill = 0]

.cinit     0    00000f80    00000030     
                  00000f80    0000000c     (__TI_handler_table)
                  00000f8c    00000008     (.cinit..bss.load) [load image, compression = zero_init]
                  00000f94    00000008     (.cinit..data.load) [load image, compression = lzss]
                  00000f9c    00000010     (__TI_cinit_table)
                  00000fac    00000004     --HOLE-- [fill = 0]

.rodata    0    00000f50    00000030     
                  00000f50    00000014     ti_msp_dl_config.o (.rodata.gTIMER_0TimerConfig)
                  00000f64    00000008     ti_msp_dl_config.o (.rodata.gADC12_0ClockConfig)
                  00000f6c    00000008     ti_msp_dl_config.o (.rodata.gPWM_0Config)
                  00000f74    00000003     ti_msp_dl_config.o (.rodata.gPWM_0ClockConfig)
                  00000f77    00000003     ti_msp_dl_config.o (.rodata.gTIMER_0ClockConfig)
                  00000f7a    00000006     --HOLE-- [fill = 0]

.init_array 
*          0    00000000    00000000     UNINITIALIZED

.binit     0    00000000    00000000     

.data      0    20000000    00000018     UNINITIALIZED
                  20000000    00000004     main.o (.data.del_div)
                  20000004    00000004     main.o (.data.distance)
                  20000008    00000004     main.o (.data.duration)
                  2000000c    00000004     main.o (.data.flag)
                  20000010    00000004     main.o (.data.pinState)
                  20000014    00000004     main.o (.data.speed_threshold)

.bss       0    20000018    00000005     UNINITIALIZED
                  20000018    00000002     (.common:gADCOffset)
                  2000001a    00000002     (.common:gAdcResult)
                  2000001c    00000001     (.common:gCheckADC)

.stack     0    200003c0    00000040     UNINITIALIZED
                  200003c0    00000004     libc.a : boot_cortex_m.c.obj (.stack)
                  200003c4    0000003c     --HOLE--

__llvm_prf_cnts 
*          0    20000000    00000000     UNINITIALIZED

__llvm_prf_bits 
*          0    20000000    00000000     UNINITIALIZED

MODULE SUMMARY

       Module                        code   ro data   rw data
       ------                        ----   -------   -------
    ./
       ti_msp_dl_config.o            584    42        0      
       main.o                        520    0         29     
       startup_msps003fx_ticlang.o   6      192       0      
    +--+-----------------------------+------+---------+---------+
       Total:                        1110   234       29     
                                                             
    /Applications/ti/ccs1281/ccs/tools/compiler/ti-cgt-armllvm_3.2.1.LTS/lib/armv6m-ti-none-eabi/c/libc.a
       memcpy16.S.obj                154    0         0      
       s_floorf.c.obj                140    0         0      
       copy_decompress_lzss.c.obj    120    0         0      
       s_roundf.c.obj                114    0         0      
       autoinit.c.obj                60     0         0      
       boot_cortex_m.c.obj           40     0         0      
       copy_zero_init.c.obj          22     0         0      
       copy_decompress_none.c.obj    18     0         0      
       exit.c.obj                    4      0         0      
       pre_init.c.obj                4      0         0      
    +--+-----------------------------+------+---------+---------+
       Total:                        676    0         0      
                                                             
    /Applications/ti/ccs1281/ccs/tools/compiler/ti-cgt-armllvm_3.2.1.LTS/lib/clang/15.0.7/lib/armv6m-ti-none-eabi/libclang_rt.builtins.a
       divdf3.S.obj                  268    0         0      
       addsf3.S.obj                  232    0         0      
       muldf3.S.obj                  228    0         0      
       comparesf2.S.obj              118    0         0      
       truncdfsf2.S.obj              116    0         0      
       aeabi_fcmp.S.obj              98     0         0      
       muldsi3.S.obj                 58     0         0      
       fixsfsi.S.obj                 56     0         0      
       floatsidf.S.obj               44     0         0      
       floatunsidf.S.obj             36     0         0      
       aeabi_memcpy.S.obj            8      0         0      
    +--+-----------------------------+------+---------+---------+
       Total:                        1262   0         0      
                                                             
    /Applications/ti/mspm0_sdk_2_03_00_07/source/ti/driverlib/lib/ticlang/m0p/mspm0c110x/driverlib.a
       dl_timer.o                    588    0         0      
       dl_adc12.o                    64     0         0      
       dl_common.o                   10     0         0      
    +--+-----------------------------+------+---------+---------+
       Total:                        662    0         0      
                                                             
       Stack:                        0      0         64     
       Linker Generated:             0      44        0      
    +--+-----------------------------+------+---------+---------+
       Grand Total:                  3710   278       93     


LINKER GENERATED COPY TABLES

__TI_cinit_table @ 00000f9c records: 2, size/record: 8, table size: 16
	.bss: load addr=00000f8c, load size=00000008 bytes, run addr=20000018, run size=00000005 bytes, compression=zero_init
	.data: load addr=00000f94, load size=00000008 bytes, run addr=20000000, run size=00000018 bytes, compression=lzss


LINKER GENERATED HANDLER TABLE

__TI_handler_table @ 00000f80 records: 3, size/record: 4, table size: 12
	index: 0, handler: __TI_decompress_lzss
	index: 1, handler: __TI_decompress_none
	index: 2, handler: __TI_zero_init


FAR CALL TRAMPOLINES

callee name               trampoline name
   callee addr  tramp addr   call addr  call info
--------------  -----------  ---------  ----------------
__aeabi_fadd              $Tramp$TT$L$PI$$__aeabi_fadd
   00000623     00000f24     00000f20   libc.a : s_roundf.c.obj (.text.OUTLINED_FUNCTION_0)

[1 trampolines]
[1 trampoline calls]


GLOBAL SYMBOLS: SORTED ALPHABETICALLY BY Name 

address   name                            
-------   ----                            
00000e5d  ADC0_IRQHandler                 
00000f44  C$$EXIT                         
00000bb5  DL_ADC12_setClockConfig         
00000945  DL_Common_delayCycles           
00000349  DL_Timer_initFourCCPWMMode      
0000044d  DL_Timer_initTimerMode          
00000e79  DL_Timer_setCaptCompUpdateMethod
00000eb1  DL_Timer_setCaptureCompareOutCtl
00000f09  DL_Timer_setCaptureCompareValue 
00000e95  DL_Timer_setClockConfig         
0000083f  DMA_IRQHandler                  
0000083f  Default_Handler                 
000009c5  GPIOA_IRQHandler                
0000083f  GROUP0_IRQHandler               
0000083f  HardFault_Handler               
0000083f  I2C0_IRQHandler                 
0000083f  NMI_Handler                     
0000083f  PendSV_Handler                  
00000f3d  Reset_Handler                   
0000083f  SPI0_IRQHandler                 
0000083f  SVC_Handler                     
00000b65  SYSCFG_DL_ADC12_0_init          
00000ec9  SYSCFG_DL_BEEPER_init           
00000a9d  SYSCFG_DL_GPIO_init             
000006f1  SYSCFG_DL_PWM_0_init            
00000d95  SYSCFG_DL_SYSCTL_init           
00000d25  SYSCFG_DL_TIMER_0_init          
00000e3d  SYSCFG_DL_init                  
00000bf5  SYSCFG_DL_initPower             
0000083f  SysTick_Handler                 
0000083f  TIMA0_IRQHandler                
0000083f  TIMG14_IRQHandler               
0000083f  TIMG8_IRQHandler                
0000083f  UART0_IRQHandler                
20000400  __STACK_END                     
00000040  __STACK_SIZE                    
00000000  __TI_ATRegion0_region_sz        
00000000  __TI_ATRegion0_src_addr         
00000000  __TI_ATRegion0_trg_addr         
00000000  __TI_ATRegion1_region_sz        
00000000  __TI_ATRegion1_src_addr         
00000000  __TI_ATRegion1_trg_addr         
00000000  __TI_ATRegion2_region_sz        
00000000  __TI_ATRegion2_src_addr         
00000000  __TI_ATRegion2_trg_addr         
00000f9c  __TI_CINIT_Base                 
00000fac  __TI_CINIT_Limit                
00000fac  __TI_CINIT_Warm                 
00000f80  __TI_Handler_Table_Base         
00000f8c  __TI_Handler_Table_Limit        
00000c71  __TI_auto_init_nobinit_nopinit  
000008cd  __TI_decompress_lzss            
00000ef7  __TI_decompress_none            
ffffffff  __TI_pprof_out_hndl             
ffffffff  __TI_prof_data_size             
ffffffff  __TI_prof_data_start            
00000000  __TI_static_base__              
00000ee1  __TI_zero_init_nomemset         
00000623  __addsf3                        
00000951  __aeabi_d2f                     
0000023d  __aeabi_ddiv                    
00000535  __aeabi_dmul                    
00000d5d  __aeabi_f2iz                    
00000623  __aeabi_fadd                    
00000b01  __aeabi_fcmpeq                  
00000b3d  __aeabi_fcmpge                  
00000b51  __aeabi_fcmpgt                  
00000b29  __aeabi_fcmple                  
00000b15  __aeabi_fcmplt                  
00000619  __aeabi_fsub                    
00000dc5  __aeabi_i2d                     
00000f35  __aeabi_memcpy                  
00000f35  __aeabi_memcpy4                 
00000f35  __aeabi_memcpy8                 
00000e19  __aeabi_ui2d                    
ffffffff  __binit__                       
00000cad  __cmpsf2                        
0000023d  __divdf3                        
00000cad  __eqsf2                         
00000d5d  __fixsfsi                       
00000dc5  __floatsidf                     
00000e19  __floatunsidf                   
00000c35  __gesf2                         
00000c35  __gtsf2                         
00000cad  __lesf2                         
00000cad  __ltsf2                         
UNDEFED   __mpu_init                      
00000535  __muldf3                        
00000ce9  __muldsi3                       
00000cad  __nesf2                         
200003c0  __stack                         
20000000  __start___llvm_prf_bits         
20000000  __start___llvm_prf_cnts         
20000000  __stop___llvm_prf_bits          
20000000  __stop___llvm_prf_cnts          
00000619  __subsf3                        
00000951  __truncdfsf2                    
00000df1  _c_int00_noargs                 
UNDEFED   _system_post_cinit              
00000f41  _system_pre_init                
00000f45  abort                           
ffffffff  binit                           
20000000  del_div                         
20000004  distance                        
20000008  duration                        
2000000c  flag                            
00000841  floorf                          
20000018  gADCOffset                      
2000001a  gAdcResult                      
2000001c  gCheckADC                       
00000000  interruptVectors                
000000c1  main                            
000007a5  memcpy                          
20000010  pinState                        
00000a35  roundf                          
20000014  speed_threshold                 


GLOBAL SYMBOLS: SORTED BY Symbol Address 

address   name                            
-------   ----                            
00000000  __TI_ATRegion0_region_sz        
00000000  __TI_ATRegion0_src_addr         
00000000  __TI_ATRegion0_trg_addr         
00000000  __TI_ATRegion1_region_sz        
00000000  __TI_ATRegion1_src_addr         
00000000  __TI_ATRegion1_trg_addr         
00000000  __TI_ATRegion2_region_sz        
00000000  __TI_ATRegion2_src_addr         
00000000  __TI_ATRegion2_trg_addr         
00000000  __TI_static_base__              
00000000  interruptVectors                
00000040  __STACK_SIZE                    
000000c1  main                            
0000023d  __aeabi_ddiv                    
0000023d  __divdf3                        
00000349  DL_Timer_initFourCCPWMMode      
0000044d  DL_Timer_initTimerMode          
00000535  __aeabi_dmul                    
00000535  __muldf3                        
00000619  __aeabi_fsub                    
00000619  __subsf3                        
00000623  __addsf3                        
00000623  __aeabi_fadd                    
000006f1  SYSCFG_DL_PWM_0_init            
000007a5  memcpy                          
0000083f  DMA_IRQHandler                  
0000083f  Default_Handler                 
0000083f  GROUP0_IRQHandler               
0000083f  HardFault_Handler               
0000083f  I2C0_IRQHandler                 
0000083f  NMI_Handler                     
0000083f  PendSV_Handler                  
0000083f  SPI0_IRQHandler                 
0000083f  SVC_Handler                     
0000083f  SysTick_Handler                 
0000083f  TIMA0_IRQHandler                
0000083f  TIMG14_IRQHandler               
0000083f  TIMG8_IRQHandler                
0000083f  UART0_IRQHandler                
00000841  floorf                          
000008cd  __TI_decompress_lzss            
00000945  DL_Common_delayCycles           
00000951  __aeabi_d2f                     
00000951  __truncdfsf2                    
000009c5  GPIOA_IRQHandler                
00000a35  roundf                          
00000a9d  SYSCFG_DL_GPIO_init             
00000b01  __aeabi_fcmpeq                  
00000b15  __aeabi_fcmplt                  
00000b29  __aeabi_fcmple                  
00000b3d  __aeabi_fcmpge                  
00000b51  __aeabi_fcmpgt                  
00000b65  SYSCFG_DL_ADC12_0_init          
00000bb5  DL_ADC12_setClockConfig         
00000bf5  SYSCFG_DL_initPower             
00000c35  __gesf2                         
00000c35  __gtsf2                         
00000c71  __TI_auto_init_nobinit_nopinit  
00000cad  __cmpsf2                        
00000cad  __eqsf2                         
00000cad  __lesf2                         
00000cad  __ltsf2                         
00000cad  __nesf2                         
00000ce9  __muldsi3                       
00000d25  SYSCFG_DL_TIMER_0_init          
00000d5d  __aeabi_f2iz                    
00000d5d  __fixsfsi                       
00000d95  SYSCFG_DL_SYSCTL_init           
00000dc5  __aeabi_i2d                     
00000dc5  __floatsidf                     
00000df1  _c_int00_noargs                 
00000e19  __aeabi_ui2d                    
00000e19  __floatunsidf                   
00000e3d  SYSCFG_DL_init                  
00000e5d  ADC0_IRQHandler                 
00000e79  DL_Timer_setCaptCompUpdateMethod
00000e95  DL_Timer_setClockConfig         
00000eb1  DL_Timer_setCaptureCompareOutCtl
00000ec9  SYSCFG_DL_BEEPER_init           
00000ee1  __TI_zero_init_nomemset         
00000ef7  __TI_decompress_none            
00000f09  DL_Timer_setCaptureCompareValue 
00000f35  __aeabi_memcpy                  
00000f35  __aeabi_memcpy4                 
00000f35  __aeabi_memcpy8                 
00000f3d  Reset_Handler                   
00000f41  _system_pre_init                
00000f44  C$$EXIT                         
00000f45  abort                           
00000f80  __TI_Handler_Table_Base         
00000f8c  __TI_Handler_Table_Limit        
00000f9c  __TI_CINIT_Base                 
00000fac  __TI_CINIT_Limit                
00000fac  __TI_CINIT_Warm                 
20000000  __start___llvm_prf_bits         
20000000  __start___llvm_prf_cnts         
20000000  __stop___llvm_prf_bits          
20000000  __stop___llvm_prf_cnts          
20000000  del_div                         
20000004  distance                        
20000008  duration                        
2000000c  flag                            
20000010  pinState                        
20000014  speed_threshold                 
20000018  gADCOffset                      
2000001a  gAdcResult                      
2000001c  gCheckADC                       
200003c0  __stack                         
20000400  __STACK_END                     
ffffffff  __TI_pprof_out_hndl             
ffffffff  __TI_prof_data_size             
ffffffff  __TI_prof_data_start            
ffffffff  __binit__                       
ffffffff  binit                           
UNDEFED   __mpu_init                      
UNDEFED   _system_post_cinit              

[116 symbols]
