<?xml version="1.0" encoding="ISO-8859-1" ?>
<link_info>
   <banner>TI ARM Clang Linker Unix v3.2.1.LTS</banner>
   <copyright>Copyright (c) 1996-2018 Texas Instruments Incorporated</copyright>
   <link_time>0x681edeab</link_time>
   <link_errors>0x0</link_errors>
   <output_file>/Users/adenbriano/Downloads/lab8_test 2/Debug/lab8_test.out</output_file>
   <entry_point>
      <name>_c_int00_noargs</name>
      <address>0xdf1</address>
   </entry_point>
   <input_file_list>
      <input_file id="fl-1">
         <path>/Users/adenbriano/Downloads/lab8_test 2/Debug/./</path>
         <kind>object</kind>
         <file>ti_msp_dl_config.o</file>
         <name>ti_msp_dl_config.o</name>
      </input_file>
      <input_file id="fl-2">
         <path>/Users/adenbriano/Downloads/lab8_test 2/Debug/./</path>
         <kind>object</kind>
         <file>startup_msps003fx_ticlang.o</file>
         <name>startup_msps003fx_ticlang.o</name>
      </input_file>
      <input_file id="fl-3">
         <path>/Users/adenbriano/Downloads/lab8_test 2/Debug/./</path>
         <kind>object</kind>
         <file>main.o</file>
         <name>main.o</name>
      </input_file>
      <input_file id="fl-10">
         <path>/Users/adenbriano/Downloads/lab8_test 2/Debug/</path>
         <kind>object</kind>
         <file>&lt;internal&gt;</file>
         <name>&lt;internal&gt;</name>
      </input_file>
      <input_file id="fl-11">
         <path>/Applications/ti/mspm0_sdk_2_03_00_07/source/ti/driverlib/lib/ticlang/m0p/mspm0c110x/</path>
         <kind>archive</kind>
         <file>driverlib.a</file>
         <name>dl_adc12.o</name>
      </input_file>
      <input_file id="fl-12">
         <path>/Applications/ti/mspm0_sdk_2_03_00_07/source/ti/driverlib/lib/ticlang/m0p/mspm0c110x/</path>
         <kind>archive</kind>
         <file>driverlib.a</file>
         <name>dl_common.o</name>
      </input_file>
      <input_file id="fl-13">
         <path>/Applications/ti/mspm0_sdk_2_03_00_07/source/ti/driverlib/lib/ticlang/m0p/mspm0c110x/</path>
         <kind>archive</kind>
         <file>driverlib.a</file>
         <name>dl_timer.o</name>
      </input_file>
      <input_file id="fl-22">
         <path>/Applications/ti/ccs1281/ccs/tools/compiler/ti-cgt-armllvm_3.2.1.LTS/lib/armv6m-ti-none-eabi/c/</path>
         <kind>archive</kind>
         <file>libc.a</file>
         <name>s_roundf.c.obj</name>
      </input_file>
      <input_file id="fl-23">
         <path>/Applications/ti/ccs1281/ccs/tools/compiler/ti-cgt-armllvm_3.2.1.LTS/lib/armv6m-ti-none-eabi/c/</path>
         <kind>archive</kind>
         <file>libc.a</file>
         <name>boot_cortex_m.c.obj</name>
      </input_file>
      <input_file id="fl-24">
         <path>/Applications/ti/ccs1281/ccs/tools/compiler/ti-cgt-armllvm_3.2.1.LTS/lib/armv6m-ti-none-eabi/c/</path>
         <kind>archive</kind>
         <file>libc.a</file>
         <name>mathacl_init.c.obj</name>
      </input_file>
      <input_file id="fl-25">
         <path>/Applications/ti/ccs1281/ccs/tools/compiler/ti-cgt-armllvm_3.2.1.LTS/lib/armv6m-ti-none-eabi/c/</path>
         <kind>archive</kind>
         <file>libc.a</file>
         <name>autoinit.c.obj</name>
      </input_file>
      <input_file id="fl-26">
         <path>/Applications/ti/ccs1281/ccs/tools/compiler/ti-cgt-armllvm_3.2.1.LTS/lib/armv6m-ti-none-eabi/c/</path>
         <kind>archive</kind>
         <file>libc.a</file>
         <name>pre_init.c.obj</name>
      </input_file>
      <input_file id="fl-27">
         <path>/Applications/ti/ccs1281/ccs/tools/compiler/ti-cgt-armllvm_3.2.1.LTS/lib/armv6m-ti-none-eabi/c/</path>
         <kind>archive</kind>
         <file>libc.a</file>
         <name>cpy_tbl.c.obj</name>
      </input_file>
      <input_file id="fl-28">
         <path>/Applications/ti/ccs1281/ccs/tools/compiler/ti-cgt-armllvm_3.2.1.LTS/lib/armv6m-ti-none-eabi/c/</path>
         <kind>archive</kind>
         <file>libc.a</file>
         <name>copy_zero_init.c.obj</name>
      </input_file>
      <input_file id="fl-29">
         <path>/Applications/ti/ccs1281/ccs/tools/compiler/ti-cgt-armllvm_3.2.1.LTS/lib/armv6m-ti-none-eabi/c/</path>
         <kind>archive</kind>
         <file>libc.a</file>
         <name>copy_decompress_none.c.obj</name>
      </input_file>
      <input_file id="fl-2a">
         <path>/Applications/ti/ccs1281/ccs/tools/compiler/ti-cgt-armllvm_3.2.1.LTS/lib/armv6m-ti-none-eabi/c/</path>
         <kind>archive</kind>
         <file>libc.a</file>
         <name>copy_decompress_lzss.c.obj</name>
      </input_file>
      <input_file id="fl-2b">
         <path>/Applications/ti/ccs1281/ccs/tools/compiler/ti-cgt-armllvm_3.2.1.LTS/lib/armv6m-ti-none-eabi/c/</path>
         <kind>archive</kind>
         <file>libc.a</file>
         <name>s_floorf.c.obj</name>
      </input_file>
      <input_file id="fl-2c">
         <path>/Applications/ti/ccs1281/ccs/tools/compiler/ti-cgt-armllvm_3.2.1.LTS/lib/armv6m-ti-none-eabi/c/</path>
         <kind>archive</kind>
         <file>libc.a</file>
         <name>exit.c.obj</name>
      </input_file>
      <input_file id="fl-2d">
         <path>/Applications/ti/ccs1281/ccs/tools/compiler/ti-cgt-armllvm_3.2.1.LTS/lib/armv6m-ti-none-eabi/c/</path>
         <kind>archive</kind>
         <file>libc.a</file>
         <name>_lock.c.obj</name>
      </input_file>
      <input_file id="fl-2e">
         <path>/Applications/ti/ccs1281/ccs/tools/compiler/ti-cgt-armllvm_3.2.1.LTS/lib/armv6m-ti-none-eabi/c/</path>
         <kind>archive</kind>
         <file>libc.a</file>
         <name>args_main.c.obj</name>
      </input_file>
      <input_file id="fl-94">
         <path>/Applications/ti/ccs1281/ccs/tools/compiler/ti-cgt-armllvm_3.2.1.LTS/lib/clang/15.0.7/lib/armv6m-ti-none-eabi/</path>
         <kind>archive</kind>
         <file>libclang_rt.builtins.a</file>
         <name>addsf3.S.obj</name>
      </input_file>
      <input_file id="fl-95">
         <path>/Applications/ti/ccs1281/ccs/tools/compiler/ti-cgt-armllvm_3.2.1.LTS/lib/clang/15.0.7/lib/armv6m-ti-none-eabi/</path>
         <kind>archive</kind>
         <file>libclang_rt.builtins.a</file>
         <name>muldf3.S.obj</name>
      </input_file>
      <input_file id="fl-96">
         <path>/Applications/ti/ccs1281/ccs/tools/compiler/ti-cgt-armllvm_3.2.1.LTS/lib/clang/15.0.7/lib/armv6m-ti-none-eabi/</path>
         <kind>archive</kind>
         <file>libclang_rt.builtins.a</file>
         <name>muldsi3.S.obj</name>
      </input_file>
      <input_file id="fl-97">
         <path>/Applications/ti/ccs1281/ccs/tools/compiler/ti-cgt-armllvm_3.2.1.LTS/lib/clang/15.0.7/lib/armv6m-ti-none-eabi/</path>
         <kind>archive</kind>
         <file>libclang_rt.builtins.a</file>
         <name>divdf3.S.obj</name>
      </input_file>
      <input_file id="fl-98">
         <path>/Applications/ti/ccs1281/ccs/tools/compiler/ti-cgt-armllvm_3.2.1.LTS/lib/clang/15.0.7/lib/armv6m-ti-none-eabi/</path>
         <kind>archive</kind>
         <file>libclang_rt.builtins.a</file>
         <name>fixsfsi.S.obj</name>
      </input_file>
      <input_file id="fl-99">
         <path>/Applications/ti/ccs1281/ccs/tools/compiler/ti-cgt-armllvm_3.2.1.LTS/lib/clang/15.0.7/lib/armv6m-ti-none-eabi/</path>
         <kind>archive</kind>
         <file>libclang_rt.builtins.a</file>
         <name>floatsidf.S.obj</name>
      </input_file>
      <input_file id="fl-9a">
         <path>/Applications/ti/ccs1281/ccs/tools/compiler/ti-cgt-armllvm_3.2.1.LTS/lib/clang/15.0.7/lib/armv6m-ti-none-eabi/</path>
         <kind>archive</kind>
         <file>libclang_rt.builtins.a</file>
         <name>floatunsidf.S.obj</name>
      </input_file>
      <input_file id="fl-9b">
         <path>/Applications/ti/ccs1281/ccs/tools/compiler/ti-cgt-armllvm_3.2.1.LTS/lib/clang/15.0.7/lib/armv6m-ti-none-eabi/</path>
         <kind>archive</kind>
         <file>libclang_rt.builtins.a</file>
         <name>truncdfsf2.S.obj</name>
      </input_file>
      <input_file id="fl-9c">
         <path>/Applications/ti/ccs1281/ccs/tools/compiler/ti-cgt-armllvm_3.2.1.LTS/lib/clang/15.0.7/lib/armv6m-ti-none-eabi/</path>
         <kind>archive</kind>
         <file>libclang_rt.builtins.a</file>
         <name>aeabi_fcmp.S.obj</name>
      </input_file>
      <input_file id="fl-9d">
         <path>/Applications/ti/ccs1281/ccs/tools/compiler/ti-cgt-armllvm_3.2.1.LTS/lib/clang/15.0.7/lib/armv6m-ti-none-eabi/</path>
         <kind>archive</kind>
         <file>libclang_rt.builtins.a</file>
         <name>aeabi_memcpy.S.obj</name>
      </input_file>
      <input_file id="fl-9e">
         <path>/Applications/ti/ccs1281/ccs/tools/compiler/ti-cgt-armllvm_3.2.1.LTS/lib/clang/15.0.7/lib/armv6m-ti-none-eabi/</path>
         <kind>archive</kind>
         <file>libclang_rt.builtins.a</file>
         <name>aeabi_memset.S.obj</name>
      </input_file>
      <input_file id="fl-9f">
         <path>/Applications/ti/ccs1281/ccs/tools/compiler/ti-cgt-armllvm_3.2.1.LTS/lib/clang/15.0.7/lib/armv6m-ti-none-eabi/</path>
         <kind>archive</kind>
         <file>libclang_rt.builtins.a</file>
         <name>comparesf2.S.obj</name>
      </input_file>
      <input_file id="fl-a0">
         <path>/Applications/ti/ccs1281/ccs/tools/compiler/ti-cgt-armllvm_3.2.1.LTS/lib/armv6m-ti-none-eabi/c/</path>
         <kind>archive</kind>
         <file>libc.a</file>
         <name>memcpy16.S.obj</name>
      </input_file>
      <input_file id="fl-a1">
         <path>/Applications/ti/ccs1281/ccs/tools/compiler/ti-cgt-armllvm_3.2.1.LTS/lib/armv6m-ti-none-eabi/c/</path>
         <kind>archive</kind>
         <file>libc.a</file>
         <name>memset16.S.obj</name>
      </input_file>
   </input_file_list>
   <object_component_list>
      <object_component id="oc-17">
         <name>.intvecs</name>
         <load_address>0x0</load_address>
         <readonly>true</readonly>
         <run_address>0x0</run_address>
         <size>0xc0</size>
         <alignment>0x4</alignment>
         <input_file_ref idref="fl-2"/>
      </object_component>
      <object_component id="oc-74">
         <name>.text.main</name>
         <load_address>0xc0</load_address>
         <readonly>true</readonly>
         <executable>true</executable>
         <run_address>0xc0</run_address>
         <size>0x17c</size>
         <alignment>0x4</alignment>
         <input_file_ref idref="fl-3"/>
      </object_component>
      <object_component id="oc-aa">
         <name>.text.__divdf3</name>
         <load_address>0x23c</load_address>
         <readonly>true</readonly>
         <executable>true</executable>
         <run_address>0x23c</run_address>
         <size>0x10c</size>
         <alignment>0x4</alignment>
         <input_file_ref idref="fl-97"/>
      </object_component>
      <object_component id="oc-109">
         <name>.text.DL_Timer_initFourCCPWMMode</name>
         <load_address>0x348</load_address>
         <readonly>true</readonly>
         <executable>true</executable>
         <run_address>0x348</run_address>
         <size>0x104</size>
         <alignment>0x4</alignment>
         <input_file_ref idref="fl-13"/>
      </object_component>
      <object_component id="oc-10e">
         <name>.text.DL_Timer_initTimerMode</name>
         <load_address>0x44c</load_address>
         <readonly>true</readonly>
         <executable>true</executable>
         <run_address>0x44c</run_address>
         <size>0xe8</size>
         <alignment>0x4</alignment>
         <input_file_ref idref="fl-13"/>
      </object_component>
      <object_component id="oc-94">
         <name>.text.__muldf3</name>
         <load_address>0x534</load_address>
         <readonly>true</readonly>
         <executable>true</executable>
         <run_address>0x534</run_address>
         <size>0xe4</size>
         <alignment>0x4</alignment>
         <input_file_ref idref="fl-95"/>
      </object_component>
      <object_component id="oc-e5">
         <name>.text</name>
         <load_address>0x618</load_address>
         <readonly>true</readonly>
         <executable>true</executable>
         <run_address>0x618</run_address>
         <size>0xd8</size>
         <alignment>0x4</alignment>
         <input_file_ref idref="fl-94"/>
      </object_component>
      <object_component id="oc-d9">
         <name>.text.SYSCFG_DL_PWM_0_init</name>
         <load_address>0x6f0</load_address>
         <readonly>true</readonly>
         <executable>true</executable>
         <run_address>0x6f0</run_address>
         <size>0xb4</size>
         <alignment>0x4</alignment>
         <input_file_ref idref="fl-1"/>
      </object_component>
      <object_component id="oc-86">
         <name>.text:memcpy</name>
         <load_address>0x7a4</load_address>
         <readonly>true</readonly>
         <executable>true</executable>
         <run_address>0x7a4</run_address>
         <size>0x9a</size>
         <alignment>0x1</alignment>
         <input_file_ref idref="fl-a0"/>
      </object_component>
      <object_component id="oc-32">
         <name>.text.Default_Handler</name>
         <load_address>0x83e</load_address>
         <readonly>true</readonly>
         <executable>true</executable>
         <run_address>0x83e</run_address>
         <size>0x2</size>
         <alignment>0x2</alignment>
         <input_file_ref idref="fl-2"/>
      </object_component>
      <object_component id="oc-e9">
         <name>.text.floorf</name>
         <load_address>0x840</load_address>
         <readonly>true</readonly>
         <executable>true</executable>
         <run_address>0x840</run_address>
         <size>0x8c</size>
         <alignment>0x4</alignment>
         <input_file_ref idref="fl-2b"/>
      </object_component>
      <object_component id="oc-1b">
         <name>.text:decompress:lzss</name>
         <load_address>0x8cc</load_address>
         <readonly>true</readonly>
         <executable>true</executable>
         <run_address>0x8cc</run_address>
         <size>0x78</size>
         <alignment>0x4</alignment>
         <input_file_ref idref="fl-2a"/>
      </object_component>
      <object_component id="oc-104">
         <name>.text.DL_Common_delayCycles</name>
         <load_address>0x944</load_address>
         <readonly>true</readonly>
         <executable>true</executable>
         <run_address>0x944</run_address>
         <size>0xa</size>
         <alignment>0x2</alignment>
         <input_file_ref idref="fl-12"/>
      </object_component>
      <object_component id="oc-98">
         <name>.text.__truncdfsf2</name>
         <load_address>0x950</load_address>
         <readonly>true</readonly>
         <executable>true</executable>
         <run_address>0x950</run_address>
         <size>0x74</size>
         <alignment>0x10</alignment>
         <input_file_ref idref="fl-9b"/>
      </object_component>
      <object_component id="oc-33">
         <name>.text.GPIOA_IRQHandler</name>
         <load_address>0x9c4</load_address>
         <readonly>true</readonly>
         <executable>true</executable>
         <run_address>0x9c4</run_address>
         <size>0x70</size>
         <alignment>0x4</alignment>
         <input_file_ref idref="fl-3"/>
      </object_component>
      <object_component id="oc-9c">
         <name>.text.roundf</name>
         <load_address>0xa34</load_address>
         <readonly>true</readonly>
         <executable>true</executable>
         <run_address>0xa34</run_address>
         <size>0x68</size>
         <alignment>0x2</alignment>
         <input_file_ref idref="fl-22"/>
      </object_component>
      <object_component id="oc-d5">
         <name>.text.SYSCFG_DL_GPIO_init</name>
         <load_address>0xa9c</load_address>
         <readonly>true</readonly>
         <executable>true</executable>
         <run_address>0xa9c</run_address>
         <size>0x64</size>
         <alignment>0x4</alignment>
         <input_file_ref idref="fl-1"/>
      </object_component>
      <object_component id="oc-ed">
         <name>.text.__aeabi_fcmp</name>
         <load_address>0xb00</load_address>
         <readonly>true</readonly>
         <executable>true</executable>
         <run_address>0xb00</run_address>
         <size>0x62</size>
         <alignment>0x4</alignment>
         <input_file_ref idref="fl-9c"/>
      </object_component>
      <object_component id="oc-db">
         <name>.text.SYSCFG_DL_ADC12_0_init</name>
         <load_address>0xb64</load_address>
         <readonly>true</readonly>
         <executable>true</executable>
         <run_address>0xb64</run_address>
         <size>0x50</size>
         <alignment>0x4</alignment>
         <input_file_ref idref="fl-1"/>
      </object_component>
      <object_component id="oc-111">
         <name>.text.DL_ADC12_setClockConfig</name>
         <load_address>0xbb4</load_address>
         <readonly>true</readonly>
         <executable>true</executable>
         <run_address>0xbb4</run_address>
         <size>0x40</size>
         <alignment>0x4</alignment>
         <input_file_ref idref="fl-11"/>
      </object_component>
      <object_component id="oc-d4">
         <name>.text.SYSCFG_DL_initPower</name>
         <load_address>0xbf4</load_address>
         <readonly>true</readonly>
         <executable>true</executable>
         <run_address>0xbf4</run_address>
         <size>0x40</size>
         <alignment>0x4</alignment>
         <input_file_ref idref="fl-1"/>
      </object_component>
      <object_component id="oc-122">
         <name>.text.__gtsf2</name>
         <load_address>0xc34</load_address>
         <readonly>true</readonly>
         <executable>true</executable>
         <run_address>0xc34</run_address>
         <size>0x3c</size>
         <alignment>0x4</alignment>
         <input_file_ref idref="fl-9f"/>
      </object_component>
      <object_component id="oc-bb">
         <name>.text:__TI_auto_init_nobinit_nopinit</name>
         <load_address>0xc70</load_address>
         <readonly>true</readonly>
         <executable>true</executable>
         <run_address>0xc70</run_address>
         <size>0x3c</size>
         <alignment>0x4</alignment>
         <input_file_ref idref="fl-25"/>
      </object_component>
      <object_component id="oc-11d">
         <name>.text.__eqsf2</name>
         <load_address>0xcac</load_address>
         <readonly>true</readonly>
         <executable>true</executable>
         <run_address>0xcac</run_address>
         <size>0x3a</size>
         <alignment>0x4</alignment>
         <input_file_ref idref="fl-9f"/>
      </object_component>
      <object_component id="oc-df">
         <name>.text.__muldsi3</name>
         <load_address>0xce8</load_address>
         <readonly>true</readonly>
         <executable>true</executable>
         <run_address>0xce8</run_address>
         <size>0x3a</size>
         <alignment>0x4</alignment>
         <input_file_ref idref="fl-96"/>
      </object_component>
      <object_component id="oc-da">
         <name>.text.SYSCFG_DL_TIMER_0_init</name>
         <load_address>0xd24</load_address>
         <readonly>true</readonly>
         <executable>true</executable>
         <run_address>0xd24</run_address>
         <size>0x38</size>
         <alignment>0x4</alignment>
         <input_file_ref idref="fl-1"/>
      </object_component>
      <object_component id="oc-a2">
         <name>.text.__fixsfsi</name>
         <load_address>0xd5c</load_address>
         <readonly>true</readonly>
         <executable>true</executable>
         <run_address>0xd5c</run_address>
         <size>0x38</size>
         <alignment>0x4</alignment>
         <input_file_ref idref="fl-98"/>
      </object_component>
      <object_component id="oc-d6">
         <name>.text.SYSCFG_DL_SYSCTL_init</name>
         <load_address>0xd94</load_address>
         <readonly>true</readonly>
         <executable>true</executable>
         <run_address>0xd94</run_address>
         <size>0x30</size>
         <alignment>0x4</alignment>
         <input_file_ref idref="fl-1"/>
      </object_component>
      <object_component id="oc-90">
         <name>.text.__floatsidf</name>
         <load_address>0xdc4</load_address>
         <readonly>true</readonly>
         <executable>true</executable>
         <run_address>0xdc4</run_address>
         <size>0x2c</size>
         <alignment>0x4</alignment>
         <input_file_ref idref="fl-99"/>
      </object_component>
      <object_component id="oc-55">
         <name>.text:_c_int00_noargs</name>
         <load_address>0xdf0</load_address>
         <readonly>true</readonly>
         <executable>true</executable>
         <run_address>0xdf0</run_address>
         <size>0x28</size>
         <alignment>0x4</alignment>
         <input_file_ref idref="fl-23"/>
      </object_component>
      <object_component id="oc-a6">
         <name>.text.__floatunsidf</name>
         <load_address>0xe18</load_address>
         <readonly>true</readonly>
         <executable>true</executable>
         <run_address>0xe18</run_address>
         <size>0x24</size>
         <alignment>0x4</alignment>
         <input_file_ref idref="fl-9a"/>
      </object_component>
      <object_component id="oc-8b">
         <name>.text.SYSCFG_DL_init</name>
         <load_address>0xe3c</load_address>
         <readonly>true</readonly>
         <executable>true</executable>
         <run_address>0xe3c</run_address>
         <size>0x20</size>
         <alignment>0x2</alignment>
         <input_file_ref idref="fl-1"/>
      </object_component>
      <object_component id="oc-39">
         <name>.text.ADC0_IRQHandler</name>
         <load_address>0xe5c</load_address>
         <readonly>true</readonly>
         <executable>true</executable>
         <run_address>0xe5c</run_address>
         <size>0x1c</size>
         <alignment>0x4</alignment>
         <input_file_ref idref="fl-3"/>
      </object_component>
      <object_component id="oc-10b">
         <name>.text.DL_Timer_setCaptCompUpdateMethod</name>
         <load_address>0xe78</load_address>
         <readonly>true</readonly>
         <executable>true</executable>
         <run_address>0xe78</run_address>
         <size>0x1c</size>
         <alignment>0x4</alignment>
         <input_file_ref idref="fl-13"/>
      </object_component>
      <object_component id="oc-108">
         <name>.text.DL_Timer_setClockConfig</name>
         <load_address>0xe94</load_address>
         <readonly>true</readonly>
         <executable>true</executable>
         <run_address>0xe94</run_address>
         <size>0x1c</size>
         <alignment>0x4</alignment>
         <input_file_ref idref="fl-13"/>
      </object_component>
      <object_component id="oc-10a">
         <name>.text.DL_Timer_setCaptureCompareOutCtl</name>
         <load_address>0xeb0</load_address>
         <readonly>true</readonly>
         <executable>true</executable>
         <run_address>0xeb0</run_address>
         <size>0x18</size>
         <alignment>0x4</alignment>
         <input_file_ref idref="fl-13"/>
      </object_component>
      <object_component id="oc-d8">
         <name>.text.SYSCFG_DL_BEEPER_init</name>
         <load_address>0xec8</load_address>
         <readonly>true</readonly>
         <executable>true</executable>
         <run_address>0xec8</run_address>
         <size>0x18</size>
         <alignment>0x4</alignment>
         <input_file_ref idref="fl-1"/>
      </object_component>
      <object_component id="oc-4c">
         <name>.text:decompress:ZI:__TI_zero_init_nomemset</name>
         <load_address>0xee0</load_address>
         <readonly>true</readonly>
         <executable>true</executable>
         <run_address>0xee0</run_address>
         <size>0x16</size>
         <alignment>0x2</alignment>
         <input_file_ref idref="fl-28"/>
      </object_component>
      <object_component id="oc-1f">
         <name>.text:decompress:none</name>
         <load_address>0xef6</load_address>
         <readonly>true</readonly>
         <executable>true</executable>
         <run_address>0xef6</run_address>
         <size>0x12</size>
         <alignment>0x2</alignment>
         <input_file_ref idref="fl-29"/>
      </object_component>
      <object_component id="oc-5c">
         <name>.text.DL_Timer_setCaptureCompareValue</name>
         <load_address>0xf08</load_address>
         <readonly>true</readonly>
         <executable>true</executable>
         <run_address>0xf08</run_address>
         <size>0x10</size>
         <alignment>0x4</alignment>
         <input_file_ref idref="fl-13"/>
      </object_component>
      <object_component id="oc-f1">
         <name>.text.OUTLINED_FUNCTION_0</name>
         <load_address>0xf18</load_address>
         <readonly>true</readonly>
         <executable>true</executable>
         <run_address>0xf18</run_address>
         <size>0xa</size>
         <alignment>0x2</alignment>
         <input_file_ref idref="fl-22"/>
      </object_component>
      <object_component id="oc-177">
         <name>.tramp.__aeabi_fadd.1</name>
         <load_address>0xf24</load_address>
         <readonly>true</readonly>
         <executable>true</executable>
         <run_address>0xf24</run_address>
         <size>0x10</size>
         <alignment>0x4</alignment>
         <input_file_ref idref="fl-94"/>
      </object_component>
      <object_component id="oc-45">
         <name>.text.__aeabi_memcpy</name>
         <load_address>0xf34</load_address>
         <readonly>true</readonly>
         <executable>true</executable>
         <run_address>0xf34</run_address>
         <size>0x8</size>
         <alignment>0x4</alignment>
         <input_file_ref idref="fl-9d"/>
      </object_component>
      <object_component id="oc-2e">
         <name>.text.Reset_Handler</name>
         <load_address>0xf3c</load_address>
         <readonly>true</readonly>
         <executable>true</executable>
         <run_address>0xf3c</run_address>
         <size>0x4</size>
         <alignment>0x2</alignment>
         <input_file_ref idref="fl-2"/>
      </object_component>
      <object_component id="oc-70">
         <name>.text._system_pre_init</name>
         <load_address>0xf40</load_address>
         <readonly>true</readonly>
         <executable>true</executable>
         <run_address>0xf40</run_address>
         <size>0x4</size>
         <alignment>0x2</alignment>
         <input_file_ref idref="fl-26"/>
      </object_component>
      <object_component id="oc-b4">
         <name>.text:abort</name>
         <load_address>0xf44</load_address>
         <readonly>true</readonly>
         <executable>true</executable>
         <run_address>0xf44</run_address>
         <size>0x4</size>
         <alignment>0x2</alignment>
         <input_file_ref idref="fl-2c"/>
      </object_component>
      <object_component id="oc-171">
         <name>__TI_handler_table</name>
         <load_address>0xf80</load_address>
         <readonly>true</readonly>
         <run_address>0xf80</run_address>
         <size>0xc</size>
         <alignment>0x4</alignment>
      </object_component>
      <object_component id="oc-174">
         <name>.cinit..bss.load</name>
         <load_address>0xf8c</load_address>
         <readonly>true</readonly>
         <run_address>0xf8c</run_address>
         <size>0x8</size>
         <alignment>0x4</alignment>
      </object_component>
      <object_component id="oc-173">
         <name>.cinit..data.load</name>
         <load_address>0xf94</load_address>
         <readonly>true</readonly>
         <run_address>0xf94</run_address>
         <size>0x8</size>
         <alignment>0x1</alignment>
      </object_component>
      <object_component id="oc-172">
         <name>__TI_cinit_table</name>
         <load_address>0xf9c</load_address>
         <readonly>true</readonly>
         <run_address>0xf9c</run_address>
         <size>0x10</size>
         <alignment>0x4</alignment>
      </object_component>
      <object_component id="oc-110">
         <name>.rodata.gTIMER_0TimerConfig</name>
         <load_address>0xf50</load_address>
         <readonly>true</readonly>
         <run_address>0xf50</run_address>
         <size>0x14</size>
         <alignment>0x4</alignment>
         <input_file_ref idref="fl-1"/>
      </object_component>
      <object_component id="oc-117">
         <name>.rodata.gADC12_0ClockConfig</name>
         <load_address>0xf64</load_address>
         <readonly>true</readonly>
         <run_address>0xf64</run_address>
         <size>0x8</size>
         <alignment>0x4</alignment>
         <input_file_ref idref="fl-1"/>
      </object_component>
      <object_component id="oc-10d">
         <name>.rodata.gPWM_0Config</name>
         <load_address>0xf6c</load_address>
         <readonly>true</readonly>
         <run_address>0xf6c</run_address>
         <size>0x8</size>
         <alignment>0x4</alignment>
         <input_file_ref idref="fl-1"/>
      </object_component>
      <object_component id="oc-10c">
         <name>.rodata.gPWM_0ClockConfig</name>
         <load_address>0xf74</load_address>
         <readonly>true</readonly>
         <run_address>0xf74</run_address>
         <size>0x3</size>
         <alignment>0x1</alignment>
         <input_file_ref idref="fl-1"/>
      </object_component>
      <object_component id="oc-10f">
         <name>.rodata.gTIMER_0ClockConfig</name>
         <load_address>0xf77</load_address>
         <readonly>true</readonly>
         <run_address>0xf77</run_address>
         <size>0x3</size>
         <alignment>0x1</alignment>
         <input_file_ref idref="fl-1"/>
      </object_component>
      <object_component id="oc-13c">
         <name>.binit</name>
         <load_address>0x0</load_address>
         <readonly>true</readonly>
         <run_address>0x0</run_address>
         <size>0x0</size>
         <alignment>0x4</alignment>
      </object_component>
      <object_component id="oc-b1">
         <name>.data.del_div</name>
         <load_address>0x20000000</load_address>
         <readwrite>true</readwrite>
         <run_address>0x20000000</run_address>
         <size>0x4</size>
         <alignment>0x4</alignment>
         <input_file_ref idref="fl-3"/>
      </object_component>
      <object_component id="oc-b2">
         <name>.data.speed_threshold</name>
         <load_address>0x20000014</load_address>
         <readwrite>true</readwrite>
         <run_address>0x20000014</run_address>
         <size>0x4</size>
         <alignment>0x4</alignment>
         <input_file_ref idref="fl-3"/>
      </object_component>
      <object_component id="oc-af">
         <name>.data.pinState</name>
         <load_address>0x20000010</load_address>
         <readwrite>true</readwrite>
         <run_address>0x20000010</run_address>
         <size>0x4</size>
         <alignment>0x4</alignment>
         <input_file_ref idref="fl-3"/>
      </object_component>
      <object_component id="oc-62">
         <name>.data.duration</name>
         <load_address>0x20000008</load_address>
         <readwrite>true</readwrite>
         <run_address>0x20000008</run_address>
         <size>0x4</size>
         <alignment>0x4</alignment>
         <input_file_ref idref="fl-3"/>
      </object_component>
      <object_component id="oc-63">
         <name>.data.flag</name>
         <load_address>0x2000000c</load_address>
         <readwrite>true</readwrite>
         <run_address>0x2000000c</run_address>
         <size>0x4</size>
         <alignment>0x4</alignment>
         <input_file_ref idref="fl-3"/>
      </object_component>
      <object_component id="oc-b3">
         <name>.data.distance</name>
         <load_address>0x20000004</load_address>
         <readwrite>true</readwrite>
         <run_address>0x20000004</run_address>
         <size>0x4</size>
         <alignment>0x4</alignment>
         <input_file_ref idref="fl-3"/>
      </object_component>
      <object_component id="oc-66">
         <name>.common:gCheckADC</name>
         <uninitialized>true</uninitialized>
         <readwrite>true</readwrite>
         <run_address>0x2000001c</run_address>
         <size>0x1</size>
         <alignment>0x1</alignment>
      </object_component>
      <object_component id="oc-b0">
         <name>.common:gAdcResult</name>
         <uninitialized>true</uninitialized>
         <readwrite>true</readwrite>
         <run_address>0x2000001a</run_address>
         <size>0x2</size>
         <alignment>0x2</alignment>
      </object_component>
      <object_component id="oc-ae">
         <name>.common:gADCOffset</name>
         <uninitialized>true</uninitialized>
         <readwrite>true</readwrite>
         <run_address>0x20000018</run_address>
         <size>0x2</size>
         <alignment>0x2</alignment>
      </object_component>
      <object_component id="oc-19">
         <name>.stack</name>
         <uninitialized>true</uninitialized>
         <readwrite>true</readwrite>
         <run_address>0x200003c0</run_address>
         <size>0x4</size>
         <alignment>0x4</alignment>
         <input_file_ref idref="fl-23"/>
      </object_component>
      <object_component id="oc-176">
         <name>.stack</name>
         <uninitialized>true</uninitialized>
         <readwrite>true</readwrite>
         <run_address>0x200003c0</run_address>
         <size>0x0</size>
         <alignment>0x8</alignment>
      </object_component>
      <object_component id="oc-d7">
         <name>.debug_loc</name>
         <load_address>0x0</load_address>
         <run_address>0x0</run_address>
         <size>0x82</size>
         <alignment>0x1</alignment>
         <input_file_ref idref="fl-1"/>
      </object_component>
      <object_component id="oc-34">
         <name>.debug_loc</name>
         <load_address>0x82</load_address>
         <run_address>0x82</run_address>
         <size>0x93</size>
         <alignment>0x1</alignment>
         <input_file_ref idref="fl-3"/>
      </object_component>
      <object_component id="oc-112">
         <name>.debug_loc</name>
         <load_address>0x115</load_address>
         <run_address>0x115</run_address>
         <size>0xc7</size>
         <alignment>0x1</alignment>
         <input_file_ref idref="fl-11"/>
      </object_component>
      <object_component id="oc-12f">
         <name>.debug_loc</name>
         <load_address>0x1dc</load_address>
         <run_address>0x1dc</run_address>
         <size>0x13</size>
         <alignment>0x1</alignment>
         <input_file_ref idref="fl-12"/>
      </object_component>
      <object_component id="oc-5d">
         <name>.debug_loc</name>
         <load_address>0x1ef</load_address>
         <run_address>0x1ef</run_address>
         <size>0x1944</size>
         <alignment>0x1</alignment>
         <input_file_ref idref="fl-13"/>
      </object_component>
      <object_component id="oc-9d">
         <name>.debug_loc</name>
         <load_address>0x1b33</load_address>
         <run_address>0x1b33</run_address>
         <size>0x89</size>
         <alignment>0x1</alignment>
         <input_file_ref idref="fl-22"/>
      </object_component>
      <object_component id="oc-40">
         <name>.debug_loc</name>
         <load_address>0x1bbc</load_address>
         <run_address>0x1bbc</run_address>
         <size>0xd8</size>
         <alignment>0x1</alignment>
         <input_file_ref idref="fl-23"/>
      </object_component>
      <object_component id="oc-bc">
         <name>.debug_loc</name>
         <load_address>0x1c94</load_address>
         <run_address>0x1c94</run_address>
         <size>0x480</size>
         <alignment>0x1</alignment>
         <input_file_ref idref="fl-25"/>
      </object_component>
      <object_component id="oc-4d">
         <name>.debug_loc</name>
         <load_address>0x2114</load_address>
         <run_address>0x2114</run_address>
         <size>0x16c</size>
         <alignment>0x1</alignment>
         <input_file_ref idref="fl-28"/>
      </object_component>
      <object_component id="oc-4b">
         <name>.debug_loc</name>
         <load_address>0x2280</load_address>
         <run_address>0x2280</run_address>
         <size>0x6f</size>
         <alignment>0x1</alignment>
         <input_file_ref idref="fl-29"/>
      </object_component>
      <object_component id="oc-43">
         <name>.debug_loc</name>
         <load_address>0x22ef</load_address>
         <run_address>0x22ef</run_address>
         <size>0x166</size>
         <alignment>0x1</alignment>
         <input_file_ref idref="fl-2a"/>
      </object_component>
      <object_component id="oc-11c">
         <name>.debug_loc</name>
         <load_address>0x2455</load_address>
         <run_address>0x2455</run_address>
         <size>0x7d</size>
         <alignment>0x1</alignment>
         <input_file_ref idref="fl-2b"/>
      </object_component>
      <object_component id="oc-ba">
         <name>.debug_loc</name>
         <load_address>0x24d2</load_address>
         <run_address>0x24d2</run_address>
         <size>0x26</size>
         <alignment>0x1</alignment>
         <input_file_ref idref="fl-2c"/>
      </object_component>
      <object_component id="oc-dc">
         <name>.debug_abbrev</name>
         <load_address>0x0</load_address>
         <run_address>0x0</run_address>
         <size>0x1e3</size>
         <alignment>0x1</alignment>
         <input_file_ref idref="fl-1"/>
      </object_component>
      <object_component id="oc-3a">
         <name>.debug_abbrev</name>
         <load_address>0x1e3</load_address>
         <run_address>0x1e3</run_address>
         <size>0x6d</size>
         <alignment>0x1</alignment>
         <input_file_ref idref="fl-2"/>
      </object_component>
      <object_component id="oc-64">
         <name>.debug_abbrev</name>
         <load_address>0x250</load_address>
         <run_address>0x250</run_address>
         <size>0x25c</size>
         <alignment>0x1</alignment>
         <input_file_ref idref="fl-3"/>
      </object_component>
      <object_component id="oc-130">
         <name>.debug_abbrev</name>
         <load_address>0x4ac</load_address>
         <run_address>0x4ac</run_address>
         <size>0x171</size>
         <alignment>0x1</alignment>
         <input_file_ref idref="fl-11"/>
      </object_component>
      <object_component id="oc-12d">
         <name>.debug_abbrev</name>
         <load_address>0x61d</load_address>
         <run_address>0x61d</run_address>
         <size>0x62</size>
         <alignment>0x1</alignment>
         <input_file_ref idref="fl-12"/>
      </object_component>
      <object_component id="oc-7f">
         <name>.debug_abbrev</name>
         <load_address>0x67f</load_address>
         <run_address>0x67f</run_address>
         <size>0x286</size>
         <alignment>0x1</alignment>
         <input_file_ref idref="fl-13"/>
      </object_component>
      <object_component id="oc-f2">
         <name>.debug_abbrev</name>
         <load_address>0x905</load_address>
         <run_address>0x905</run_address>
         <size>0x95</size>
         <alignment>0x1</alignment>
         <input_file_ref idref="fl-22"/>
      </object_component>
      <object_component id="oc-3c">
         <name>.debug_abbrev</name>
         <load_address>0x99a</load_address>
         <run_address>0x99a</run_address>
         <size>0xaf</size>
         <alignment>0x1</alignment>
         <input_file_ref idref="fl-23"/>
      </object_component>
      <object_component id="oc-fd">
         <name>.debug_abbrev</name>
         <load_address>0xa49</load_address>
         <run_address>0xa49</run_address>
         <size>0x186</size>
         <alignment>0x1</alignment>
         <input_file_ref idref="fl-25"/>
      </object_component>
      <object_component id="oc-89">
         <name>.debug_abbrev</name>
         <load_address>0xbcf</load_address>
         <run_address>0xbcf</run_address>
         <size>0x39</size>
         <alignment>0x1</alignment>
         <input_file_ref idref="fl-26"/>
      </object_component>
      <object_component id="oc-69">
         <name>.debug_abbrev</name>
         <load_address>0xc08</load_address>
         <run_address>0xc08</run_address>
         <size>0xc2</size>
         <alignment>0x1</alignment>
         <input_file_ref idref="fl-28"/>
      </object_component>
      <object_component id="oc-49">
         <name>.debug_abbrev</name>
         <load_address>0xcca</load_address>
         <run_address>0xcca</run_address>
         <size>0x70</size>
         <alignment>0x1</alignment>
         <input_file_ref idref="fl-29"/>
      </object_component>
      <object_component id="oc-41">
         <name>.debug_abbrev</name>
         <load_address>0xd3a</load_address>
         <run_address>0xd3a</run_address>
         <size>0x8d</size>
         <alignment>0x1</alignment>
         <input_file_ref idref="fl-2a"/>
      </object_component>
      <object_component id="oc-11a">
         <name>.debug_abbrev</name>
         <load_address>0xdc7</load_address>
         <run_address>0xdc7</run_address>
         <size>0x87</size>
         <alignment>0x1</alignment>
         <input_file_ref idref="fl-2b"/>
      </object_component>
      <object_component id="oc-f7">
         <name>.debug_abbrev</name>
         <load_address>0xe4e</load_address>
         <run_address>0xe4e</run_address>
         <size>0xb3</size>
         <alignment>0x1</alignment>
         <input_file_ref idref="fl-2c"/>
      </object_component>
      <object_component id="oc-119">
         <name>.debug_abbrev</name>
         <load_address>0xf01</load_address>
         <run_address>0xf01</run_address>
         <size>0x27</size>
         <alignment>0x1</alignment>
         <input_file_ref idref="fl-94"/>
      </object_component>
      <object_component id="oc-e3">
         <name>.debug_abbrev</name>
         <load_address>0xf28</load_address>
         <run_address>0xf28</run_address>
         <size>0x27</size>
         <alignment>0x1</alignment>
         <input_file_ref idref="fl-95"/>
      </object_component>
      <object_component id="oc-118">
         <name>.debug_abbrev</name>
         <load_address>0xf4f</load_address>
         <run_address>0xf4f</run_address>
         <size>0x27</size>
         <alignment>0x1</alignment>
         <input_file_ref idref="fl-96"/>
      </object_component>
      <object_component id="oc-f6">
         <name>.debug_abbrev</name>
         <load_address>0xf76</load_address>
         <run_address>0xf76</run_address>
         <size>0x27</size>
         <alignment>0x1</alignment>
         <input_file_ref idref="fl-97"/>
      </object_component>
      <object_component id="oc-f4">
         <name>.debug_abbrev</name>
         <load_address>0xf9d</load_address>
         <run_address>0xf9d</run_address>
         <size>0x27</size>
         <alignment>0x1</alignment>
         <input_file_ref idref="fl-98"/>
      </object_component>
      <object_component id="oc-de">
         <name>.debug_abbrev</name>
         <load_address>0xfc4</load_address>
         <run_address>0xfc4</run_address>
         <size>0x27</size>
         <alignment>0x1</alignment>
         <input_file_ref idref="fl-99"/>
      </object_component>
      <object_component id="oc-f5">
         <name>.debug_abbrev</name>
         <load_address>0xfeb</load_address>
         <run_address>0xfeb</run_address>
         <size>0x27</size>
         <alignment>0x1</alignment>
         <input_file_ref idref="fl-9a"/>
      </object_component>
      <object_component id="oc-e4">
         <name>.debug_abbrev</name>
         <load_address>0x1012</load_address>
         <run_address>0x1012</run_address>
         <size>0x27</size>
         <alignment>0x1</alignment>
         <input_file_ref idref="fl-9b"/>
      </object_component>
      <object_component id="oc-123">
         <name>.debug_abbrev</name>
         <load_address>0x1039</load_address>
         <run_address>0x1039</run_address>
         <size>0x27</size>
         <alignment>0x1</alignment>
         <input_file_ref idref="fl-9c"/>
      </object_component>
      <object_component id="oc-68">
         <name>.debug_abbrev</name>
         <load_address>0x1060</load_address>
         <run_address>0x1060</run_address>
         <size>0x27</size>
         <alignment>0x1</alignment>
         <input_file_ref idref="fl-9d"/>
      </object_component>
      <object_component id="oc-132">
         <name>.debug_abbrev</name>
         <load_address>0x1087</load_address>
         <run_address>0x1087</run_address>
         <size>0x25</size>
         <alignment>0x1</alignment>
         <input_file_ref idref="fl-9f"/>
      </object_component>
      <object_component id="oc-cd">
         <name>.debug_abbrev</name>
         <load_address>0x10ac</load_address>
         <run_address>0x10ac</run_address>
         <size>0x25</size>
         <alignment>0x1</alignment>
         <input_file_ref idref="fl-a0"/>
      </object_component>
      <object_component id="oc-179">
         <name>.debug_abbrev</name>
         <load_address>0x10d1</load_address>
         <run_address>0x10d1</run_address>
         <size>0x23</size>
         <alignment>0x0</alignment>
      </object_component>
      <object_component id="oc-8c">
         <name>.debug_info</name>
         <load_address>0x0</load_address>
         <run_address>0x0</run_address>
         <size>0x26fa</size>
         <alignment>0x1</alignment>
         <input_file_ref idref="fl-1"/>
      </object_component>
      <object_component id="oc-18">
         <name>.debug_info</name>
         <load_address>0x26fa</load_address>
         <run_address>0x26fa</run_address>
         <size>0x80</size>
         <alignment>0x1</alignment>
         <input_file_ref idref="fl-2"/>
      </object_component>
      <object_component id="oc-35">
         <name>.debug_info</name>
         <load_address>0x277a</load_address>
         <run_address>0x277a</run_address>
         <size>0x1d36</size>
         <alignment>0x1</alignment>
         <input_file_ref idref="fl-3"/>
      </object_component>
      <object_component id="oc-113">
         <name>.debug_info</name>
         <load_address>0x44b0</load_address>
         <run_address>0x44b0</run_address>
         <size>0x731</size>
         <alignment>0x1</alignment>
         <input_file_ref idref="fl-11"/>
      </object_component>
      <object_component id="oc-105">
         <name>.debug_info</name>
         <load_address>0x4be1</load_address>
         <run_address>0x4be1</run_address>
         <size>0x75</size>
         <alignment>0x1</alignment>
         <input_file_ref idref="fl-12"/>
      </object_component>
      <object_component id="oc-5e">
         <name>.debug_info</name>
         <load_address>0x4c56</load_address>
         <run_address>0x4c56</run_address>
         <size>0x30d2</size>
         <alignment>0x1</alignment>
         <input_file_ref idref="fl-13"/>
      </object_component>
      <object_component id="oc-9e">
         <name>.debug_info</name>
         <load_address>0x7d28</load_address>
         <run_address>0x7d28</run_address>
         <size>0xb7</size>
         <alignment>0x1</alignment>
         <input_file_ref idref="fl-22"/>
      </object_component>
      <object_component id="oc-1a">
         <name>.debug_info</name>
         <load_address>0x7ddf</load_address>
         <run_address>0x7ddf</run_address>
         <size>0x423</size>
         <alignment>0x1</alignment>
         <input_file_ref idref="fl-23"/>
      </object_component>
      <object_component id="oc-bd">
         <name>.debug_info</name>
         <load_address>0x8202</load_address>
         <run_address>0x8202</run_address>
         <size>0x74a</size>
         <alignment>0x1</alignment>
         <input_file_ref idref="fl-25"/>
      </object_component>
      <object_component id="oc-71">
         <name>.debug_info</name>
         <load_address>0x894c</load_address>
         <run_address>0x894c</run_address>
         <size>0x46</size>
         <alignment>0x1</alignment>
         <input_file_ref idref="fl-26"/>
      </object_component>
      <object_component id="oc-4e">
         <name>.debug_info</name>
         <load_address>0x8992</load_address>
         <run_address>0x8992</run_address>
         <size>0x192</size>
         <alignment>0x1</alignment>
         <input_file_ref idref="fl-28"/>
      </object_component>
      <object_component id="oc-20">
         <name>.debug_info</name>
         <load_address>0x8b24</load_address>
         <run_address>0x8b24</run_address>
         <size>0xc6</size>
         <alignment>0x1</alignment>
         <input_file_ref idref="fl-29"/>
      </object_component>
      <object_component id="oc-1c">
         <name>.debug_info</name>
         <load_address>0x8bea</load_address>
         <run_address>0x8bea</run_address>
         <size>0x180</size>
         <alignment>0x1</alignment>
         <input_file_ref idref="fl-2a"/>
      </object_component>
      <object_component id="oc-ea">
         <name>.debug_info</name>
         <load_address>0x8d6a</load_address>
         <run_address>0x8d6a</run_address>
         <size>0xce</size>
         <alignment>0x1</alignment>
         <input_file_ref idref="fl-2b"/>
      </object_component>
      <object_component id="oc-b5">
         <name>.debug_info</name>
         <load_address>0x8e38</load_address>
         <run_address>0x8e38</run_address>
         <size>0xed</size>
         <alignment>0x1</alignment>
         <input_file_ref idref="fl-2c"/>
      </object_component>
      <object_component id="oc-e6">
         <name>.debug_info</name>
         <load_address>0x8f25</load_address>
         <run_address>0x8f25</run_address>
         <size>0x1b4</size>
         <alignment>0x1</alignment>
         <input_file_ref idref="fl-94"/>
      </object_component>
      <object_component id="oc-95">
         <name>.debug_info</name>
         <load_address>0x90d9</load_address>
         <run_address>0x90d9</run_address>
         <size>0x19a</size>
         <alignment>0x1</alignment>
         <input_file_ref idref="fl-95"/>
      </object_component>
      <object_component id="oc-e0">
         <name>.debug_info</name>
         <load_address>0x9273</load_address>
         <run_address>0x9273</run_address>
         <size>0x19c</size>
         <alignment>0x1</alignment>
         <input_file_ref idref="fl-96"/>
      </object_component>
      <object_component id="oc-ab">
         <name>.debug_info</name>
         <load_address>0x940f</load_address>
         <run_address>0x940f</run_address>
         <size>0x19a</size>
         <alignment>0x1</alignment>
         <input_file_ref idref="fl-97"/>
      </object_component>
      <object_component id="oc-a3">
         <name>.debug_info</name>
         <load_address>0x95a9</load_address>
         <run_address>0x95a9</run_address>
         <size>0x19c</size>
         <alignment>0x1</alignment>
         <input_file_ref idref="fl-98"/>
      </object_component>
      <object_component id="oc-93">
         <name>.debug_info</name>
         <load_address>0x9745</load_address>
         <run_address>0x9745</run_address>
         <size>0x1a0</size>
         <alignment>0x1</alignment>
         <input_file_ref idref="fl-99"/>
      </object_component>
      <object_component id="oc-a7">
         <name>.debug_info</name>
         <load_address>0x98e5</load_address>
         <run_address>0x98e5</run_address>
         <size>0x1a4</size>
         <alignment>0x1</alignment>
         <input_file_ref idref="fl-9a"/>
      </object_component>
      <object_component id="oc-99">
         <name>.debug_info</name>
         <load_address>0x9a89</load_address>
         <run_address>0x9a89</run_address>
         <size>0x1a2</size>
         <alignment>0x1</alignment>
         <input_file_ref idref="fl-9b"/>
      </object_component>
      <object_component id="oc-ee">
         <name>.debug_info</name>
         <load_address>0x9c2b</load_address>
         <run_address>0x9c2b</run_address>
         <size>0x224</size>
         <alignment>0x1</alignment>
         <input_file_ref idref="fl-9c"/>
      </object_component>
      <object_component id="oc-46">
         <name>.debug_info</name>
         <load_address>0x9e4f</load_address>
         <run_address>0x9e4f</run_address>
         <size>0x1a6</size>
         <alignment>0x1</alignment>
         <input_file_ref idref="fl-9d"/>
      </object_component>
      <object_component id="oc-11e">
         <name>.debug_info</name>
         <load_address>0x9ff5</load_address>
         <run_address>0x9ff5</run_address>
         <size>0x1ce</size>
         <alignment>0x1</alignment>
         <input_file_ref idref="fl-9f"/>
      </object_component>
      <object_component id="oc-82">
         <name>.debug_info</name>
         <load_address>0xa1c3</load_address>
         <run_address>0xa1c3</run_address>
         <size>0x2fe</size>
         <alignment>0x1</alignment>
         <input_file_ref idref="fl-a0"/>
      </object_component>
      <object_component id="oc-178">
         <name>.debug_info</name>
         <load_address>0xa4c1</load_address>
         <run_address>0xa4c1</run_address>
         <size>0xea</size>
         <alignment>0x0</alignment>
      </object_component>
      <object_component id="oc-8d">
         <name>.debug_ranges</name>
         <load_address>0x0</load_address>
         <run_address>0x0</run_address>
         <size>0x48</size>
         <alignment>0x1</alignment>
         <input_file_ref idref="fl-1"/>
      </object_component>
      <object_component id="oc-2f">
         <name>.debug_ranges</name>
         <load_address>0x48</load_address>
         <run_address>0x48</run_address>
         <size>0x18</size>
         <alignment>0x1</alignment>
         <input_file_ref idref="fl-2"/>
      </object_component>
      <object_component id="oc-36">
         <name>.debug_ranges</name>
         <load_address>0x60</load_address>
         <run_address>0x60</run_address>
         <size>0x28</size>
         <alignment>0x1</alignment>
         <input_file_ref idref="fl-3"/>
      </object_component>
      <object_component id="oc-114">
         <name>.debug_ranges</name>
         <load_address>0x88</load_address>
         <run_address>0x88</run_address>
         <size>0x18</size>
         <alignment>0x1</alignment>
         <input_file_ref idref="fl-11"/>
      </object_component>
      <object_component id="oc-5f">
         <name>.debug_ranges</name>
         <load_address>0xa0</load_address>
         <run_address>0xa0</run_address>
         <size>0x198</size>
         <alignment>0x1</alignment>
         <input_file_ref idref="fl-13"/>
      </object_component>
      <object_component id="oc-9f">
         <name>.debug_ranges</name>
         <load_address>0x238</load_address>
         <run_address>0x238</run_address>
         <size>0x18</size>
         <alignment>0x1</alignment>
         <input_file_ref idref="fl-22"/>
      </object_component>
      <object_component id="oc-3f">
         <name>.debug_ranges</name>
         <load_address>0x250</load_address>
         <run_address>0x250</run_address>
         <size>0x48</size>
         <alignment>0x1</alignment>
         <input_file_ref idref="fl-23"/>
      </object_component>
      <object_component id="oc-be">
         <name>.debug_ranges</name>
         <load_address>0x298</load_address>
         <run_address>0x298</run_address>
         <size>0xa8</size>
         <alignment>0x1</alignment>
         <input_file_ref idref="fl-25"/>
      </object_component>
      <object_component id="oc-4f">
         <name>.debug_ranges</name>
         <load_address>0x340</load_address>
         <run_address>0x340</run_address>
         <size>0x18</size>
         <alignment>0x1</alignment>
         <input_file_ref idref="fl-28"/>
      </object_component>
      <object_component id="oc-44">
         <name>.debug_ranges</name>
         <load_address>0x358</load_address>
         <run_address>0x358</run_address>
         <size>0x30</size>
         <alignment>0x1</alignment>
         <input_file_ref idref="fl-2a"/>
      </object_component>
      <object_component id="oc-b6">
         <name>.debug_ranges</name>
         <load_address>0x388</load_address>
         <run_address>0x388</run_address>
         <size>0x18</size>
         <alignment>0x1</alignment>
         <input_file_ref idref="fl-2c"/>
      </object_component>
      <object_component id="oc-120">
         <name>.debug_ranges</name>
         <load_address>0x3a0</load_address>
         <run_address>0x3a0</run_address>
         <size>0x38</size>
         <alignment>0x1</alignment>
         <input_file_ref idref="fl-9f"/>
      </object_component>
      <object_component id="oc-84">
         <name>.debug_ranges</name>
         <load_address>0x3d8</load_address>
         <run_address>0x3d8</run_address>
         <size>0x28</size>
         <alignment>0x1</alignment>
         <input_file_ref idref="fl-a0"/>
      </object_component>
      <object_component id="oc-dd">
         <name>.debug_str</name>
         <load_address>0x0</load_address>
         <run_address>0x0</run_address>
         <size>0x1eff</size>
         <alignment>0x1</alignment>
         <input_file_ref idref="fl-1"/>
      </object_component>
      <object_component id="oc-3b">
         <name>.debug_str</name>
         <load_address>0x1eff</load_address>
         <run_address>0x1eff</run_address>
         <size>0x162</size>
         <alignment>0x1</alignment>
         <input_file_ref idref="fl-2"/>
      </object_component>
      <object_component id="oc-65">
         <name>.debug_str</name>
         <load_address>0x2061</load_address>
         <run_address>0x2061</run_address>
         <size>0x1040</size>
         <alignment>0x1</alignment>
         <input_file_ref idref="fl-3"/>
      </object_component>
      <object_component id="oc-131">
         <name>.debug_str</name>
         <load_address>0x30a1</load_address>
         <run_address>0x30a1</run_address>
         <size>0x63b</size>
         <alignment>0x1</alignment>
         <input_file_ref idref="fl-11"/>
      </object_component>
      <object_component id="oc-12e">
         <name>.debug_str</name>
         <load_address>0x36dc</load_address>
         <run_address>0x36dc</run_address>
         <size>0x177</size>
         <alignment>0x1</alignment>
         <input_file_ref idref="fl-12"/>
      </object_component>
      <object_component id="oc-80">
         <name>.debug_str</name>
         <load_address>0x3853</load_address>
         <run_address>0x3853</run_address>
         <size>0x1c1d</size>
         <alignment>0x1</alignment>
         <input_file_ref idref="fl-13"/>
      </object_component>
      <object_component id="oc-f3">
         <name>.debug_str</name>
         <load_address>0x5470</load_address>
         <run_address>0x5470</run_address>
         <size>0x12d</size>
         <alignment>0x1</alignment>
         <input_file_ref idref="fl-22"/>
      </object_component>
      <object_component id="oc-3d">
         <name>.debug_str</name>
         <load_address>0x559d</load_address>
         <run_address>0x559d</run_address>
         <size>0x229</size>
         <alignment>0x1</alignment>
         <input_file_ref idref="fl-23"/>
      </object_component>
      <object_component id="oc-fe">
         <name>.debug_str</name>
         <load_address>0x57c6</load_address>
         <run_address>0x57c6</run_address>
         <size>0x333</size>
         <alignment>0x1</alignment>
         <input_file_ref idref="fl-25"/>
      </object_component>
      <object_component id="oc-8a">
         <name>.debug_str</name>
         <load_address>0x5af9</load_address>
         <run_address>0x5af9</run_address>
         <size>0xf9</size>
         <alignment>0x1</alignment>
         <input_file_ref idref="fl-26"/>
      </object_component>
      <object_component id="oc-6a">
         <name>.debug_str</name>
         <load_address>0x5bf2</load_address>
         <run_address>0x5bf2</run_address>
         <size>0x19f</size>
         <alignment>0x1</alignment>
         <input_file_ref idref="fl-28"/>
      </object_component>
      <object_component id="oc-4a">
         <name>.debug_str</name>
         <load_address>0x5d91</load_address>
         <run_address>0x5d91</run_address>
         <size>0x16c</size>
         <alignment>0x1</alignment>
         <input_file_ref idref="fl-29"/>
      </object_component>
      <object_component id="oc-42">
         <name>.debug_str</name>
         <load_address>0x5efd</load_address>
         <run_address>0x5efd</run_address>
         <size>0x1d9</size>
         <alignment>0x1</alignment>
         <input_file_ref idref="fl-2a"/>
      </object_component>
      <object_component id="oc-11b">
         <name>.debug_str</name>
         <load_address>0x60d6</load_address>
         <run_address>0x60d6</run_address>
         <size>0x137</size>
         <alignment>0x1</alignment>
         <input_file_ref idref="fl-2b"/>
      </object_component>
      <object_component id="oc-f8">
         <name>.debug_str</name>
         <load_address>0x620d</load_address>
         <run_address>0x620d</run_address>
         <size>0x143</size>
         <alignment>0x1</alignment>
         <input_file_ref idref="fl-2c"/>
      </object_component>
      <object_component id="oc-8e">
         <name>.debug_frame</name>
         <load_address>0x0</load_address>
         <run_address>0x0</run_address>
         <size>0xc8</size>
         <alignment>0x4</alignment>
         <input_file_ref idref="fl-1"/>
      </object_component>
      <object_component id="oc-30">
         <name>.debug_frame</name>
         <load_address>0xc8</load_address>
         <run_address>0xc8</run_address>
         <size>0x30</size>
         <alignment>0x4</alignment>
         <input_file_ref idref="fl-2"/>
      </object_component>
      <object_component id="oc-37">
         <name>.debug_frame</name>
         <load_address>0xf8</load_address>
         <run_address>0xf8</run_address>
         <size>0x68</size>
         <alignment>0x4</alignment>
         <input_file_ref idref="fl-3"/>
      </object_component>
      <object_component id="oc-115">
         <name>.debug_frame</name>
         <load_address>0x160</load_address>
         <run_address>0x160</run_address>
         <size>0x4c</size>
         <alignment>0x4</alignment>
         <input_file_ref idref="fl-11"/>
      </object_component>
      <object_component id="oc-106">
         <name>.debug_frame</name>
         <load_address>0x1ac</load_address>
         <run_address>0x1ac</run_address>
         <size>0x20</size>
         <alignment>0x4</alignment>
         <input_file_ref idref="fl-12"/>
      </object_component>
      <object_component id="oc-60">
         <name>.debug_frame</name>
         <load_address>0x1cc</load_address>
         <run_address>0x1cc</run_address>
         <size>0x3e0</size>
         <alignment>0x4</alignment>
         <input_file_ref idref="fl-13"/>
      </object_component>
      <object_component id="oc-a0">
         <name>.debug_frame</name>
         <load_address>0x5ac</load_address>
         <run_address>0x5ac</run_address>
         <size>0x3c</size>
         <alignment>0x4</alignment>
         <input_file_ref idref="fl-22"/>
      </object_component>
      <object_component id="oc-54">
         <name>.debug_frame</name>
         <load_address>0x5e8</load_address>
         <run_address>0x5e8</run_address>
         <size>0x90</size>
         <alignment>0x4</alignment>
         <input_file_ref idref="fl-23"/>
      </object_component>
      <object_component id="oc-bf">
         <name>.debug_frame</name>
         <load_address>0x678</load_address>
         <run_address>0x678</run_address>
         <size>0x100</size>
         <alignment>0x4</alignment>
         <input_file_ref idref="fl-25"/>
      </object_component>
      <object_component id="oc-72">
         <name>.debug_frame</name>
         <load_address>0x778</load_address>
         <run_address>0x778</run_address>
         <size>0x20</size>
         <alignment>0x4</alignment>
         <input_file_ref idref="fl-26"/>
      </object_component>
      <object_component id="oc-50">
         <name>.debug_frame</name>
         <load_address>0x798</load_address>
         <run_address>0x798</run_address>
         <size>0x38</size>
         <alignment>0x4</alignment>
         <input_file_ref idref="fl-28"/>
      </object_component>
      <object_component id="oc-21">
         <name>.debug_frame</name>
         <load_address>0x7d0</load_address>
         <run_address>0x7d0</run_address>
         <size>0x28</size>
         <alignment>0x4</alignment>
         <input_file_ref idref="fl-29"/>
      </object_component>
      <object_component id="oc-1d">
         <name>.debug_frame</name>
         <load_address>0x7f8</load_address>
         <run_address>0x7f8</run_address>
         <size>0x30</size>
         <alignment>0x4</alignment>
         <input_file_ref idref="fl-2a"/>
      </object_component>
      <object_component id="oc-eb">
         <name>.debug_frame</name>
         <load_address>0x828</load_address>
         <run_address>0x828</run_address>
         <size>0x2c</size>
         <alignment>0x4</alignment>
         <input_file_ref idref="fl-2b"/>
      </object_component>
      <object_component id="oc-b7">
         <name>.debug_frame</name>
         <load_address>0x854</load_address>
         <run_address>0x854</run_address>
         <size>0x30</size>
         <alignment>0x4</alignment>
         <input_file_ref idref="fl-2c"/>
      </object_component>
      <object_component id="oc-8f">
         <name>.debug_line</name>
         <load_address>0x0</load_address>
         <run_address>0x0</run_address>
         <size>0x5bd</size>
         <alignment>0x1</alignment>
         <input_file_ref idref="fl-1"/>
      </object_component>
      <object_component id="oc-31">
         <name>.debug_line</name>
         <load_address>0x5bd</load_address>
         <run_address>0x5bd</run_address>
         <size>0xc4</size>
         <alignment>0x1</alignment>
         <input_file_ref idref="fl-2"/>
      </object_component>
      <object_component id="oc-38">
         <name>.debug_line</name>
         <load_address>0x681</load_address>
         <run_address>0x681</run_address>
         <size>0x5d9</size>
         <alignment>0x1</alignment>
         <input_file_ref idref="fl-3"/>
      </object_component>
      <object_component id="oc-116">
         <name>.debug_line</name>
         <load_address>0xc5a</load_address>
         <run_address>0xc5a</run_address>
         <size>0x280</size>
         <alignment>0x1</alignment>
         <input_file_ref idref="fl-11"/>
      </object_component>
      <object_component id="oc-107">
         <name>.debug_line</name>
         <load_address>0xeda</load_address>
         <run_address>0xeda</run_address>
         <size>0x179</size>
         <alignment>0x1</alignment>
         <input_file_ref idref="fl-12"/>
      </object_component>
      <object_component id="oc-61">
         <name>.debug_line</name>
         <load_address>0x1053</load_address>
         <run_address>0x1053</run_address>
         <size>0x16db</size>
         <alignment>0x1</alignment>
         <input_file_ref idref="fl-13"/>
      </object_component>
      <object_component id="oc-a1">
         <name>.debug_line</name>
         <load_address>0x272e</load_address>
         <run_address>0x272e</run_address>
         <size>0xc5</size>
         <alignment>0x1</alignment>
         <input_file_ref idref="fl-22"/>
      </object_component>
      <object_component id="oc-3e">
         <name>.debug_line</name>
         <load_address>0x27f3</load_address>
         <run_address>0x27f3</run_address>
         <size>0x1fe</size>
         <alignment>0x1</alignment>
         <input_file_ref idref="fl-23"/>
      </object_component>
      <object_component id="oc-c0">
         <name>.debug_line</name>
         <load_address>0x29f1</load_address>
         <run_address>0x29f1</run_address>
         <size>0x3e4</size>
         <alignment>0x1</alignment>
         <input_file_ref idref="fl-25"/>
      </object_component>
      <object_component id="oc-73">
         <name>.debug_line</name>
         <load_address>0x2dd5</load_address>
         <run_address>0x2dd5</run_address>
         <size>0x3e</size>
         <alignment>0x1</alignment>
         <input_file_ref idref="fl-26"/>
      </object_component>
      <object_component id="oc-51">
         <name>.debug_line</name>
         <load_address>0x2e13</load_address>
         <run_address>0x2e13</run_address>
         <size>0xfc</size>
         <alignment>0x1</alignment>
         <input_file_ref idref="fl-28"/>
      </object_component>
      <object_component id="oc-22">
         <name>.debug_line</name>
         <load_address>0x2f0f</load_address>
         <run_address>0x2f0f</run_address>
         <size>0x62</size>
         <alignment>0x1</alignment>
         <input_file_ref idref="fl-29"/>
      </object_component>
      <object_component id="oc-1e">
         <name>.debug_line</name>
         <load_address>0x2f71</load_address>
         <run_address>0x2f71</run_address>
         <size>0x10d</size>
         <alignment>0x1</alignment>
         <input_file_ref idref="fl-2a"/>
      </object_component>
      <object_component id="oc-ec">
         <name>.debug_line</name>
         <load_address>0x307e</load_address>
         <run_address>0x307e</run_address>
         <size>0xda</size>
         <alignment>0x1</alignment>
         <input_file_ref idref="fl-2b"/>
      </object_component>
      <object_component id="oc-b8">
         <name>.debug_line</name>
         <load_address>0x3158</load_address>
         <run_address>0x3158</run_address>
         <size>0x6b</size>
         <alignment>0x1</alignment>
         <input_file_ref idref="fl-2c"/>
      </object_component>
      <object_component id="oc-e8">
         <name>.debug_line</name>
         <load_address>0x31c3</load_address>
         <run_address>0x31c3</run_address>
         <size>0x10b</size>
         <alignment>0x1</alignment>
         <input_file_ref idref="fl-94"/>
      </object_component>
      <object_component id="oc-97">
         <name>.debug_line</name>
         <load_address>0x32ce</load_address>
         <run_address>0x32ce</run_address>
         <size>0x110</size>
         <alignment>0x1</alignment>
         <input_file_ref idref="fl-95"/>
      </object_component>
      <object_component id="oc-e2">
         <name>.debug_line</name>
         <load_address>0x33de</load_address>
         <run_address>0x33de</run_address>
         <size>0xbd</size>
         <alignment>0x1</alignment>
         <input_file_ref idref="fl-96"/>
      </object_component>
      <object_component id="oc-ad">
         <name>.debug_line</name>
         <load_address>0x349b</load_address>
         <run_address>0x349b</run_address>
         <size>0x126</size>
         <alignment>0x1</alignment>
         <input_file_ref idref="fl-97"/>
      </object_component>
      <object_component id="oc-a5">
         <name>.debug_line</name>
         <load_address>0x35c1</load_address>
         <run_address>0x35c1</run_address>
         <size>0xbc</size>
         <alignment>0x1</alignment>
         <input_file_ref idref="fl-98"/>
      </object_component>
      <object_component id="oc-91">
         <name>.debug_line</name>
         <load_address>0x367d</load_address>
         <run_address>0x367d</run_address>
         <size>0xb8</size>
         <alignment>0x1</alignment>
         <input_file_ref idref="fl-99"/>
      </object_component>
      <object_component id="oc-a9">
         <name>.debug_line</name>
         <load_address>0x3735</load_address>
         <run_address>0x3735</run_address>
         <size>0xb6</size>
         <alignment>0x1</alignment>
         <input_file_ref idref="fl-9a"/>
      </object_component>
      <object_component id="oc-9b">
         <name>.debug_line</name>
         <load_address>0x37eb</load_address>
         <run_address>0x37eb</run_address>
         <size>0xd5</size>
         <alignment>0x1</alignment>
         <input_file_ref idref="fl-9b"/>
      </object_component>
      <object_component id="oc-f0">
         <name>.debug_line</name>
         <load_address>0x38c0</load_address>
         <run_address>0x38c0</run_address>
         <size>0xcb</size>
         <alignment>0x1</alignment>
         <input_file_ref idref="fl-9c"/>
      </object_component>
      <object_component id="oc-48">
         <name>.debug_line</name>
         <load_address>0x398b</load_address>
         <run_address>0x398b</run_address>
         <size>0xa8</size>
         <alignment>0x1</alignment>
         <input_file_ref idref="fl-9d"/>
      </object_component>
      <object_component id="oc-121">
         <name>.debug_line</name>
         <load_address>0x3a33</load_address>
         <run_address>0x3a33</run_address>
         <size>0x108</size>
         <alignment>0x1</alignment>
         <input_file_ref idref="fl-9f"/>
      </object_component>
      <object_component id="oc-85">
         <name>.debug_line</name>
         <load_address>0x3b3b</load_address>
         <run_address>0x3b3b</run_address>
         <size>0xa0</size>
         <alignment>0x1</alignment>
         <input_file_ref idref="fl-a0"/>
      </object_component>
      <object_component id="oc-e7">
         <name>.debug_aranges</name>
         <load_address>0x0</load_address>
         <run_address>0x0</run_address>
         <size>0x20</size>
         <alignment>0x1</alignment>
         <input_file_ref idref="fl-94"/>
      </object_component>
      <object_component id="oc-96">
         <name>.debug_aranges</name>
         <load_address>0x20</load_address>
         <run_address>0x20</run_address>
         <size>0x20</size>
         <alignment>0x1</alignment>
         <input_file_ref idref="fl-95"/>
      </object_component>
      <object_component id="oc-e1">
         <name>.debug_aranges</name>
         <load_address>0x40</load_address>
         <run_address>0x40</run_address>
         <size>0x20</size>
         <alignment>0x1</alignment>
         <input_file_ref idref="fl-96"/>
      </object_component>
      <object_component id="oc-ac">
         <name>.debug_aranges</name>
         <load_address>0x60</load_address>
         <run_address>0x60</run_address>
         <size>0x20</size>
         <alignment>0x1</alignment>
         <input_file_ref idref="fl-97"/>
      </object_component>
      <object_component id="oc-a4">
         <name>.debug_aranges</name>
         <load_address>0x80</load_address>
         <run_address>0x80</run_address>
         <size>0x20</size>
         <alignment>0x1</alignment>
         <input_file_ref idref="fl-98"/>
      </object_component>
      <object_component id="oc-92">
         <name>.debug_aranges</name>
         <load_address>0xa0</load_address>
         <run_address>0xa0</run_address>
         <size>0x20</size>
         <alignment>0x1</alignment>
         <input_file_ref idref="fl-99"/>
      </object_component>
      <object_component id="oc-a8">
         <name>.debug_aranges</name>
         <load_address>0xc0</load_address>
         <run_address>0xc0</run_address>
         <size>0x20</size>
         <alignment>0x1</alignment>
         <input_file_ref idref="fl-9a"/>
      </object_component>
      <object_component id="oc-9a">
         <name>.debug_aranges</name>
         <load_address>0xe0</load_address>
         <run_address>0xe0</run_address>
         <size>0x20</size>
         <alignment>0x1</alignment>
         <input_file_ref idref="fl-9b"/>
      </object_component>
      <object_component id="oc-ef">
         <name>.debug_aranges</name>
         <load_address>0x100</load_address>
         <run_address>0x100</run_address>
         <size>0x20</size>
         <alignment>0x1</alignment>
         <input_file_ref idref="fl-9c"/>
      </object_component>
      <object_component id="oc-47">
         <name>.debug_aranges</name>
         <load_address>0x120</load_address>
         <run_address>0x120</run_address>
         <size>0x20</size>
         <alignment>0x1</alignment>
         <input_file_ref idref="fl-9d"/>
      </object_component>
      <object_component id="oc-11f">
         <name>.debug_aranges</name>
         <load_address>0x140</load_address>
         <run_address>0x140</run_address>
         <size>0x30</size>
         <alignment>0x1</alignment>
         <input_file_ref idref="fl-9f"/>
      </object_component>
      <object_component id="oc-83">
         <name>.debug_aranges</name>
         <load_address>0x170</load_address>
         <run_address>0x170</run_address>
         <size>0x28</size>
         <alignment>0x1</alignment>
         <input_file_ref idref="fl-a0"/>
      </object_component>
   </object_component_list>
   <logical_group_list>
      <logical_group id="lg-2" display="no" color="cyan">
         <name>.intvecs</name>
         <load_address>0x0</load_address>
         <run_address>0x0</run_address>
         <size>0xc0</size>
         <contents>
            <object_component_ref idref="oc-17"/>
         </contents>
      </logical_group>
      <logical_group id="lg-3" display="no" color="cyan">
         <name>.text</name>
         <load_address>0xc0</load_address>
         <run_address>0xc0</run_address>
         <size>0xe90</size>
         <contents>
            <object_component_ref idref="oc-74"/>
            <object_component_ref idref="oc-aa"/>
            <object_component_ref idref="oc-109"/>
            <object_component_ref idref="oc-10e"/>
            <object_component_ref idref="oc-94"/>
            <object_component_ref idref="oc-e5"/>
            <object_component_ref idref="oc-d9"/>
            <object_component_ref idref="oc-86"/>
            <object_component_ref idref="oc-32"/>
            <object_component_ref idref="oc-e9"/>
            <object_component_ref idref="oc-1b"/>
            <object_component_ref idref="oc-104"/>
            <object_component_ref idref="oc-98"/>
            <object_component_ref idref="oc-33"/>
            <object_component_ref idref="oc-9c"/>
            <object_component_ref idref="oc-d5"/>
            <object_component_ref idref="oc-ed"/>
            <object_component_ref idref="oc-db"/>
            <object_component_ref idref="oc-111"/>
            <object_component_ref idref="oc-d4"/>
            <object_component_ref idref="oc-122"/>
            <object_component_ref idref="oc-bb"/>
            <object_component_ref idref="oc-11d"/>
            <object_component_ref idref="oc-df"/>
            <object_component_ref idref="oc-da"/>
            <object_component_ref idref="oc-a2"/>
            <object_component_ref idref="oc-d6"/>
            <object_component_ref idref="oc-90"/>
            <object_component_ref idref="oc-55"/>
            <object_component_ref idref="oc-a6"/>
            <object_component_ref idref="oc-8b"/>
            <object_component_ref idref="oc-39"/>
            <object_component_ref idref="oc-10b"/>
            <object_component_ref idref="oc-108"/>
            <object_component_ref idref="oc-10a"/>
            <object_component_ref idref="oc-d8"/>
            <object_component_ref idref="oc-4c"/>
            <object_component_ref idref="oc-1f"/>
            <object_component_ref idref="oc-5c"/>
            <object_component_ref idref="oc-f1"/>
            <object_component_ref idref="oc-177"/>
            <object_component_ref idref="oc-45"/>
            <object_component_ref idref="oc-2e"/>
            <object_component_ref idref="oc-70"/>
            <object_component_ref idref="oc-b4"/>
         </contents>
      </logical_group>
      <logical_group id="lg-4" display="no" color="cyan">
         <name>.const</name>
         <run_address>0x0</run_address>
         <size>0x0</size>
         <contents>
         </contents>
      </logical_group>
      <logical_group id="lg-5" display="no" color="cyan">
         <name>.cinit</name>
         <load_address>0xf80</load_address>
         <run_address>0xf80</run_address>
[...]
               <logical_group_ref idref="lg-13a"/>
            </allocated_space>
            <allocated_space>
               <start_address>0x20000000</start_address>
               <size>0x18</size>
               <logical_group_ref idref="lg-e"/>
            </allocated_space>
            <allocated_space>
               <start_address>0x20000018</start_address>
               <size>0x5</size>
               <logical_group_ref idref="lg-f"/>
            </allocated_space>
            <available_space>
               <start_address>0x2000001d</start_address>
               <size>0x3a3</size>
            </available_space>
            <allocated_space>
               <start_address>0x200003c0</start_address>
               <size>0x40</size>
               <logical_group_ref idref="lg-11"/>
            </allocated_space>
         </usage_details>
      </memory_area>
      <memory_area display="yes" color="green">
         <name>BCR_CONFIG</name>
         <page_id>0x0</page_id>
         <origin>0x41c00000</origin>
         <length>0x80</length>
         <used_space>0x0</used_space>
         <unused_space>0x80</unused_space>
         <attributes>R</attributes>
         <usage_details>
         </usage_details>
      </memory_area>
   </placement_map>
   <cptbl_list>
      <cptbl>
         <name>__TI_cinit_table</name>
         <cprec>
            <name>.bss</name>
            <load_address>0xf8c</load_address>
            <load_size>0x8</load_size>
            <run_address>0x20000018</run_address>
            <run_size>0x5</run_size>
            <compression>zero_init</compression>
         </cprec>
         <cprec>
            <name>.data</name>
            <load_address>0xf94</load_address>
            <load_size>0x8</load_size>
            <run_address>0x20000000</run_address>
            <run_size>0x18</run_size>
            <compression>lzss</compression>
         </cprec>
      </cptbl>
   </cptbl_list>
   <handler_table>
      <handler_table_name>__TI_handler_table</handler_table_name>
      <handler>
         <index>0x0</index>
         <name>__TI_decompress_lzss</name>
      </handler>
      <handler>
         <index>0x1</index>
         <name>__TI_decompress_none</name>
      </handler>
      <handler>
         <index>0x2</index>
         <name>__TI_zero_init</name>
      </handler>
   </handler_table>
   <far_call_trampoline_list>
      <far_call_trampoline>
         <callee_name>__aeabi_fadd</callee_name>
         <callee_addr>0x622</callee_addr>
         <trampoline_object_component_ref idref="oc-177"/>
         <trampoline_address>0xf24</trampoline_address>
         <caller_list>
            <trampoline_call_site>
               <caller_address>0xf20</caller_address>
               <caller_object_component_ref idref="oc-f1-9be4a143ec1100a4"/>
            </trampoline_call_site>
         </caller_list>
      </far_call_trampoline>
   </far_call_trampoline_list>
   <trampoline_count>0x1</trampoline_count>
   <trampoline_call_count>0x1</trampoline_call_count>
   <symbol_table>
      <symbol id="sm-1">
         <name>__start___llvm_prf_cnts</name>
         <value>0x20000000</value>
      </symbol>
      <symbol id="sm-2">
         <name>__stop___llvm_prf_cnts</name>
         <value>0x20000000</value>
      </symbol>
      <symbol id="sm-3">
         <name>__start___llvm_prf_bits</name>
         <value>0x20000000</value>
      </symbol>
      <symbol id="sm-4">
         <name>__stop___llvm_prf_bits</name>
         <value>0x20000000</value>
      </symbol>
      <symbol id="sm-5">
         <name>__TI_CINIT_Base</name>
         <value>0xf9c</value>
      </symbol>
      <symbol id="sm-6">
         <name>__TI_CINIT_Limit</name>
         <value>0xfac</value>
      </symbol>
      <symbol id="sm-7">
         <name>__TI_CINIT_Warm</name>
         <value>0xfac</value>
      </symbol>
      <symbol id="sm-8">
         <name>__TI_Handler_Table_Base</name>
         <value>0xf80</value>
      </symbol>
      <symbol id="sm-9">
         <name>__TI_Handler_Table_Limit</name>
         <value>0xf8c</value>
      </symbol>
      <symbol id="sm-a">
         <name>binit</name>
         <value>0xffffffff</value>
      </symbol>
      <symbol id="sm-b">
         <name>__binit__</name>
         <value>0xffffffff</value>
      </symbol>
      <symbol id="sm-c">
         <name>__STACK_SIZE</name>
         <value>0x40</value>
      </symbol>
      <symbol id="sm-d">
         <name>__STACK_END</name>
         <value>0x20000400</value>
      </symbol>
      <symbol id="sm-e">
         <name>__TI_pprof_out_hndl</name>
         <value>0xffffffff</value>
      </symbol>
      <symbol id="sm-f">
         <name>__TI_prof_data_start</name>
         <value>0xffffffff</value>
      </symbol>
      <symbol id="sm-10">
         <name>__TI_prof_data_size</name>
         <value>0xffffffff</value>
      </symbol>
      <symbol id="sm-5a">
         <name>SYSCFG_DL_init</name>
         <value>0xe3d</value>
         <object_component_ref idref="oc-8b"/>
      </symbol>
      <symbol id="sm-5b">
         <name>SYSCFG_DL_initPower</name>
         <value>0xbf5</value>
         <object_component_ref idref="oc-d4"/>
      </symbol>
      <symbol id="sm-5c">
         <name>SYSCFG_DL_GPIO_init</name>
         <value>0xa9d</value>
         <object_component_ref idref="oc-d5"/>
      </symbol>
      <symbol id="sm-5d">
         <name>SYSCFG_DL_SYSCTL_init</name>
         <value>0xd95</value>
         <object_component_ref idref="oc-d6"/>
      </symbol>
      <symbol id="sm-5e">
         <name>SYSCFG_DL_BEEPER_init</name>
         <value>0xec9</value>
         <object_component_ref idref="oc-d8"/>
      </symbol>
      <symbol id="sm-5f">
         <name>SYSCFG_DL_PWM_0_init</name>
         <value>0x6f1</value>
         <object_component_ref idref="oc-d9"/>
      </symbol>
      <symbol id="sm-60">
         <name>SYSCFG_DL_TIMER_0_init</name>
         <value>0xd25</value>
         <object_component_ref idref="oc-da"/>
      </symbol>
      <symbol id="sm-61">
         <name>SYSCFG_DL_ADC12_0_init</name>
         <value>0xb65</value>
         <object_component_ref idref="oc-db"/>
      </symbol>
      <symbol id="sm-6c">
         <name>Default_Handler</name>
         <value>0x83f</value>
         <object_component_ref idref="oc-32"/>
      </symbol>
      <symbol id="sm-6d">
         <name>Reset_Handler</name>
         <value>0xf3d</value>
         <object_component_ref idref="oc-2e"/>
      </symbol>
      <symbol id="sm-6e">
         <name>interruptVectors</name>
         <value>0x0</value>
         <object_component_ref idref="oc-17"/>
      </symbol>
      <symbol id="sm-6f">
         <name>NMI_Handler</name>
         <value>0x83f</value>
         <object_component_ref idref="oc-32"/>
      </symbol>
      <symbol id="sm-70">
         <name>HardFault_Handler</name>
         <value>0x83f</value>
         <object_component_ref idref="oc-32"/>
      </symbol>
      <symbol id="sm-71">
         <name>SVC_Handler</name>
         <value>0x83f</value>
         <object_component_ref idref="oc-32"/>
      </symbol>
      <symbol id="sm-72">
         <name>PendSV_Handler</name>
         <value>0x83f</value>
         <object_component_ref idref="oc-32"/>
      </symbol>
      <symbol id="sm-73">
         <name>SysTick_Handler</name>
         <value>0x83f</value>
         <object_component_ref idref="oc-32"/>
      </symbol>
      <symbol id="sm-74">
         <name>GROUP0_IRQHandler</name>
         <value>0x83f</value>
         <object_component_ref idref="oc-32"/>
      </symbol>
      <symbol id="sm-75">
         <name>TIMG8_IRQHandler</name>
         <value>0x83f</value>
         <object_component_ref idref="oc-32"/>
      </symbol>
      <symbol id="sm-76">
         <name>SPI0_IRQHandler</name>
         <value>0x83f</value>
         <object_component_ref idref="oc-32"/>
      </symbol>
      <symbol id="sm-77">
         <name>UART0_IRQHandler</name>
         <value>0x83f</value>
         <object_component_ref idref="oc-32"/>
      </symbol>
      <symbol id="sm-78">
         <name>TIMG14_IRQHandler</name>
         <value>0x83f</value>
         <object_component_ref idref="oc-32"/>
      </symbol>
      <symbol id="sm-79">
         <name>TIMA0_IRQHandler</name>
         <value>0x83f</value>
         <object_component_ref idref="oc-32"/>
      </symbol>
      <symbol id="sm-7a">
         <name>I2C0_IRQHandler</name>
         <value>0x83f</value>
         <object_component_ref idref="oc-32"/>
      </symbol>
      <symbol id="sm-7b">
         <name>DMA_IRQHandler</name>
         <value>0x83f</value>
         <object_component_ref idref="oc-32"/>
      </symbol>
      <symbol id="sm-8c">
         <name>gCheckADC</name>
         <value>0x2000001c</value>
      </symbol>
      <symbol id="sm-8d">
         <name>gAdcResult</name>
         <value>0x2000001a</value>
      </symbol>
      <symbol id="sm-8e">
         <name>del_div</name>
         <value>0x20000000</value>
         <object_component_ref idref="oc-b1"/>
      </symbol>
      <symbol id="sm-8f">
         <name>speed_threshold</name>
         <value>0x20000014</value>
         <object_component_ref idref="oc-b2"/>
      </symbol>
      <symbol id="sm-90">
         <name>main</name>
         <value>0xc1</value>
         <object_component_ref idref="oc-74"/>
      </symbol>
      <symbol id="sm-91">
         <name>gADCOffset</name>
         <value>0x20000018</value>
      </symbol>
      <symbol id="sm-92">
         <name>pinState</name>
         <value>0x20000010</value>
         <object_component_ref idref="oc-af"/>
      </symbol>
      <symbol id="sm-93">
         <name>flag</name>
         <value>0x2000000c</value>
         <object_component_ref idref="oc-63"/>
      </symbol>
      <symbol id="sm-94">
         <name>distance</name>
         <value>0x20000004</value>
         <object_component_ref idref="oc-b3"/>
      </symbol>
      <symbol id="sm-95">
         <name>ADC0_IRQHandler</name>
         <value>0xe5d</value>
         <object_component_ref idref="oc-39"/>
      </symbol>
      <symbol id="sm-96">
         <name>GPIOA_IRQHandler</name>
         <value>0x9c5</value>
         <object_component_ref idref="oc-33"/>
      </symbol>
      <symbol id="sm-97">
         <name>duration</name>
         <value>0x20000008</value>
         <object_component_ref idref="oc-62"/>
      </symbol>
      <symbol id="sm-98">
         <name>__TI_ATRegion0_src_addr</name>
         <value>0x0</value>
      </symbol>
      <symbol id="sm-99">
         <name>__TI_ATRegion0_trg_addr</name>
         <value>0x0</value>
      </symbol>
      <symbol id="sm-9a">
         <name>__TI_ATRegion0_region_sz</name>
         <value>0x0</value>
      </symbol>
      <symbol id="sm-9b">
         <name>__TI_ATRegion1_src_addr</name>
         <value>0x0</value>
      </symbol>
      <symbol id="sm-9c">
         <name>__TI_ATRegion1_trg_addr</name>
         <value>0x0</value>
      </symbol>
      <symbol id="sm-9d">
         <name>__TI_ATRegion1_region_sz</name>
         <value>0x0</value>
      </symbol>
      <symbol id="sm-9e">
         <name>__TI_ATRegion2_src_addr</name>
         <value>0x0</value>
      </symbol>
      <symbol id="sm-9f">
         <name>__TI_ATRegion2_trg_addr</name>
         <value>0x0</value>
      </symbol>
      <symbol id="sm-a0">
         <name>__TI_ATRegion2_region_sz</name>
         <value>0x0</value>
      </symbol>
      <symbol id="sm-ab">
         <name>DL_ADC12_setClockConfig</name>
         <value>0xbb5</value>
         <object_component_ref idref="oc-111"/>
      </symbol>
      <symbol id="sm-b4">
         <name>DL_Common_delayCycles</name>
         <value>0x945</value>
         <object_component_ref idref="oc-104"/>
      </symbol>
      <symbol id="sm-d0">
         <name>DL_Timer_setClockConfig</name>
         <value>0xe95</value>
         <object_component_ref idref="oc-108"/>
      </symbol>
      <symbol id="sm-d1">
         <name>DL_Timer_initTimerMode</name>
         <value>0x44d</value>
         <object_component_ref idref="oc-10e"/>
      </symbol>
      <symbol id="sm-d2">
         <name>DL_Timer_setCaptureCompareValue</name>
         <value>0xf09</value>
         <object_component_ref idref="oc-5c"/>
      </symbol>
      <symbol id="sm-d3">
         <name>DL_Timer_setCaptCompUpdateMethod</name>
         <value>0xe79</value>
         <object_component_ref idref="oc-10b"/>
      </symbol>
      <symbol id="sm-d4">
         <name>DL_Timer_setCaptureCompareOutCtl</name>
         <value>0xeb1</value>
         <object_component_ref idref="oc-10a"/>
      </symbol>
      <symbol id="sm-d5">
         <name>DL_Timer_initFourCCPWMMode</name>
         <value>0x349</value>
         <object_component_ref idref="oc-109"/>
      </symbol>
      <symbol id="sm-e2">
         <name>roundf</name>
         <value>0xa35</value>
         <object_component_ref idref="oc-9c"/>
      </symbol>
      <symbol id="sm-ed">
         <name>_c_int00_noargs</name>
         <value>0xdf1</value>
         <object_component_ref idref="oc-55"/>
      </symbol>
      <symbol id="sm-ee">
         <name>__stack</name>
         <value>0x200003c0</value>
         <object_component_ref idref="oc-19"/>
      </symbol>
      <symbol id="sm-fa">
         <name>__TI_auto_init_nobinit_nopinit</name>
         <value>0xc71</value>
         <object_component_ref idref="oc-bb"/>
      </symbol>
      <symbol id="sm-102">
         <name>_system_pre_init</name>
         <value>0xf41</value>
         <object_component_ref idref="oc-70"/>
      </symbol>
      <symbol id="sm-10d">
         <name>__TI_zero_init_nomemset</name>
         <value>0xee1</value>
         <object_component_ref idref="oc-4c"/>
      </symbol>
      <symbol id="sm-116">
         <name>__TI_decompress_none</name>
         <value>0xef7</value>
         <object_component_ref idref="oc-1f"/>
      </symbol>
      <symbol id="sm-121">
         <name>__TI_decompress_lzss</name>
         <value>0x8cd</value>
         <object_component_ref idref="oc-1b"/>
      </symbol>
      <symbol id="sm-12b">
         <name>floorf</name>
         <value>0x841</value>
         <object_component_ref idref="oc-e9"/>
      </symbol>
      <symbol id="sm-135">
         <name>abort</name>
         <value>0xf45</value>
         <object_component_ref idref="oc-b4"/>
      </symbol>
      <symbol id="sm-136">
         <name>C$$EXIT</name>
         <value>0xf44</value>
         <object_component_ref idref="oc-b4"/>
      </symbol>
      <symbol id="sm-13e">
         <name>__aeabi_fadd</name>
         <value>0x623</value>
         <object_component_ref idref="oc-e5"/>
      </symbol>
      <symbol id="sm-13f">
         <name>__addsf3</name>
         <value>0x623</value>
         <object_component_ref idref="oc-e5"/>
      </symbol>
      <symbol id="sm-140">
         <name>__aeabi_fsub</name>
         <value>0x619</value>
         <object_component_ref idref="oc-e5"/>
      </symbol>
      <symbol id="sm-141">
         <name>__subsf3</name>
         <value>0x619</value>
         <object_component_ref idref="oc-e5"/>
      </symbol>
      <symbol id="sm-14a">
         <name>__aeabi_dmul</name>
         <value>0x535</value>
         <object_component_ref idref="oc-94"/>
      </symbol>
      <symbol id="sm-14b">
         <name>__muldf3</name>
         <value>0x535</value>
         <object_component_ref idref="oc-94"/>
      </symbol>
      <symbol id="sm-151">
         <name>__muldsi3</name>
         <value>0xce9</value>
         <object_component_ref idref="oc-df"/>
      </symbol>
      <symbol id="sm-157">
         <name>__aeabi_ddiv</name>
         <value>0x23d</value>
         <object_component_ref idref="oc-aa"/>
      </symbol>
      <symbol id="sm-158">
         <name>__divdf3</name>
         <value>0x23d</value>
         <object_component_ref idref="oc-aa"/>
      </symbol>
      <symbol id="sm-15e">
         <name>__aeabi_f2iz</name>
         <value>0xd5d</value>
         <object_component_ref idref="oc-a2"/>
      </symbol>
      <symbol id="sm-15f">
         <name>__fixsfsi</name>
         <value>0xd5d</value>
         <object_component_ref idref="oc-a2"/>
      </symbol>
      <symbol id="sm-165">
         <name>__aeabi_i2d</name>
         <value>0xdc5</value>
         <object_component_ref idref="oc-90"/>
      </symbol>
      <symbol id="sm-166">
         <name>__floatsidf</name>
         <value>0xdc5</value>
         <object_component_ref idref="oc-90"/>
      </symbol>
      <symbol id="sm-16c">
         <name>__aeabi_ui2d</name>
         <value>0xe19</value>
         <object_component_ref idref="oc-a6"/>
      </symbol>
      <symbol id="sm-16d">
         <name>__floatunsidf</name>
         <value>0xe19</value>
         <object_component_ref idref="oc-a6"/>
      </symbol>
      <symbol id="sm-174">
         <name>__aeabi_d2f</name>
         <value>0x951</value>
         <object_component_ref idref="oc-98"/>
      </symbol>
      <symbol id="sm-175">
         <name>__truncdfsf2</name>
         <value>0x951</value>
         <object_component_ref idref="oc-98"/>
      </symbol>
      <symbol id="sm-17b">
         <name>__aeabi_fcmpeq</name>
         <value>0xb01</value>
         <object_component_ref idref="oc-ed"/>
      </symbol>
      <symbol id="sm-17c">
         <name>__aeabi_fcmplt</name>
         <value>0xb15</value>
         <object_component_ref idref="oc-ed"/>
      </symbol>
      <symbol id="sm-17d">
         <name>__aeabi_fcmple</name>
         <value>0xb29</value>
         <object_component_ref idref="oc-ed"/>
      </symbol>
      <symbol id="sm-17e">
         <name>__aeabi_fcmpge</name>
         <value>0xb3d</value>
         <object_component_ref idref="oc-ed"/>
      </symbol>
      <symbol id="sm-17f">
         <name>__aeabi_fcmpgt</name>
         <value>0xb51</value>
         <object_component_ref idref="oc-ed"/>
      </symbol>
      <symbol id="sm-185">
         <name>__aeabi_memcpy</name>
         <value>0xf35</value>
         <object_component_ref idref="oc-45"/>
      </symbol>
      <symbol id="sm-186">
         <name>__aeabi_memcpy4</name>
         <value>0xf35</value>
         <object_component_ref idref="oc-45"/>
      </symbol>
      <symbol id="sm-187">
         <name>__aeabi_memcpy8</name>
         <value>0xf35</value>
         <object_component_ref idref="oc-45"/>
      </symbol>
      <symbol id="sm-190">
         <name>__eqsf2</name>
         <value>0xcad</value>
         <object_component_ref idref="oc-11d"/>
      </symbol>
      <symbol id="sm-191">
         <name>__lesf2</name>
         <value>0xcad</value>
         <object_component_ref idref="oc-11d"/>
      </symbol>
      <symbol id="sm-192">
         <name>__ltsf2</name>
         <value>0xcad</value>
         <object_component_ref idref="oc-11d"/>
      </symbol>
      <symbol id="sm-193">
         <name>__nesf2</name>
         <value>0xcad</value>
         <object_component_ref idref="oc-11d"/>
      </symbol>
      <symbol id="sm-194">
         <name>__cmpsf2</name>
         <value>0xcad</value>
         <object_component_ref idref="oc-11d"/>
      </symbol>
      <symbol id="sm-195">
         <name>__gtsf2</name>
         <value>0xc35</value>
         <object_component_ref idref="oc-122"/>
      </symbol>
      <symbol id="sm-196">
         <name>__gesf2</name>
         <value>0xc35</value>
         <object_component_ref idref="oc-122"/>
      </symbol>
      <symbol id="sm-1af">
         <name>memcpy</name>
         <value>0x7a5</value>
         <object_component_ref idref="oc-86"/>
      </symbol>
      <symbol id="sm-1b0">
         <name>__TI_static_base__</name>
         <value>0x0</value>
      </symbol>
      <symbol id="sm-1b4">
         <name>__mpu_init</name>
         <value>0x0</value>
      </symbol>
      <symbol id="sm-1b5">
         <name>_system_post_cinit</name>
         <value>0x0</value>
      </symbol>
   </symbol_table>
   <title>Link successful</title>
</link_info>
