******************************************************************************
            TI ARM Clang Linker Unix v3.2.1                    
******************************************************************************
>> Linked Sat May 10 04:41:41 2025

OUTPUT FILE NAME:   <lab8_test.out>
ENTRY POINT SYMBOL: "_c_int00_noargs"  address: 00000efd


MEMORY CONFIGURATION

         name            origin    length      used     unused   attr    fill
----------------------  --------  ---------  --------  --------  ----  --------
  FLASH                 00000000   00002000  000010d8  00000f28  R  X
  SRAM                  20000000   00000400  00000061  0000039f  RW X
  BCR_CONFIG            41c00000   00000080  00000000  00000080  R   


SEGMENT ALLOCATION MAP

run origin  load origin   length   init length attrs members
----------  ----------- ---------- ----------- ----- -------
00000000    00000000    000010d8   000010d8    r-x
  00000000    00000000    000000c0   000000c0    r-- .intvecs
  000000c0    000000c0    00000fa0   00000fa0    r-x .text
  00001060    00001060    00000048   00000048    r-- .rodata
  000010a8    000010a8    00000030   00000030    r-- .cinit
20000000    20000000    00000024   00000000    rw-
  20000000    20000000    00000011   00000000    rw- .bss
  20000014    20000014    00000010   00000000    rw- .data
200003c0    200003c0    00000040   00000000    rw-
  200003c0    200003c0    00000040   00000000    rw- .stack


SECTION ALLOCATION MAP

 output                                  attributes/
section   page    origin      length       input sections
--------  ----  ----------  ----------   ----------------
.intvecs   0    00000000    000000c0     
                  00000000    000000c0     startup_msps003fx_ticlang.o (.intvecs)

.text      0    000000c0    00000fa0     
                  000000c0    00000148     main.o (.text.GPIOA_IRQHandler)
                  00000208    00000118     main.o (.text.main)
                  00000320    00000104     driverlib.a : dl_timer.o (.text.DL_Timer_initFourCCPWMMode)
                  00000424    000000e8                 : dl_timer.o (.text.DL_Timer_initTimerMode)
                  0000050c    000000e4     libclang_rt.builtins.a : muldf3.S.obj (.text.__muldf3)
                  000005f0    000000d8                            : addsf3.S.obj (.text)
                  000006c8    000000b4     ti_msp_dl_config.o (.text.SYSCFG_DL_PWM_0_init)
                  0000077c    0000009a     libc.a : memcpy16.S.obj (.text:memcpy)
                  00000816    00000002     startup_msps003fx_ticlang.o (.text.Default_Handler)
                  00000818    0000008c     libclang_rt.builtins.a : mulsf3.S.obj (.text.__mulsf3)
                  000008a4    0000008c     libc.a : s_floorf.c.obj (.text.floorf)
                  00000930    00000082     libclang_rt.builtins.a : divsf3.S.obj (.text.__divsf3)
                  000009b2    00000002                            : aeabi_div0.c.obj (.text.__aeabi_idiv0)
                  000009b4    00000078     libc.a : copy_decompress_lzss.c.obj (.text:decompress:lzss)
                  00000a2c    00000004     startup_msps003fx_ticlang.o (.text.Reset_Handler)
                  00000a30    00000074     libclang_rt.builtins.a : truncdfsf2.S.obj (.text.__truncdfsf2)
                  00000aa4    00000068     libc.a : s_roundf.c.obj (.text.roundf)
                  00000b0c    00000064     ti_msp_dl_config.o (.text.SYSCFG_DL_GPIO_init)
                  00000b70    00000062     libclang_rt.builtins.a : aeabi_fcmp.S.obj (.text.__aeabi_fcmp)
                  00000bd2    00000002     --HOLE-- [fill = 0]
                  00000bd4    00000050     ti_msp_dl_config.o (.text.SYSCFG_DL_ADC12_0_init)
                  00000c24    00000048     ti_msp_dl_config.o (.text.SYSCFG_DL_initPower)
                  00000c6c    00000040     driverlib.a : dl_adc12.o (.text.DL_ADC12_setClockConfig)
                  00000cac    00000040     libclang_rt.builtins.a : aeabi_uidivmod.S.obj (.text.__aeabi_uidivmod)
                  00000cec    0000003c                            : comparesf2.S.obj (.text.__gtsf2)
                  00000d28    0000003c     libc.a : autoinit.c.obj (.text:__TI_auto_init_nobinit_nopinit)
                  00000d64    0000003a     libclang_rt.builtins.a : comparesf2.S.obj (.text.__eqsf2)
                  00000d9e    00000002     --HOLE-- [fill = 0]
                  00000da0    0000003a                            : muldsi3.S.obj (.text.__muldsi3)
                  00000dda    00000002     --HOLE-- [fill = 0]
                  00000ddc    00000038     ti_msp_dl_config.o (.text.SYSCFG_DL_TIMER_0_init)
                  00000e14    00000038     libclang_rt.builtins.a : fixsfsi.S.obj (.text.__fixsfsi)
                  00000e4c    00000030     ti_msp_dl_config.o (.text.SYSCFG_DL_SYSCTL_init)
                  00000e7c    0000002c     ti_msp_dl_config.o (.text.SYSCFG_DL_TIMER_1_init)
                  00000ea8    0000002c     libclang_rt.builtins.a : floatsidf.S.obj (.text.__floatsidf)
                  00000ed4    00000028                            : floatunsisf.S.obj (.text.__floatunsisf)
                  00000efc    00000028     libc.a : boot_cortex_m.c.obj (.text:_c_int00_noargs)
                  00000f24    00000024     ti_msp_dl_config.o (.text.SYSCFG_DL_init)
                  00000f48    00000024     libclang_rt.builtins.a : floatunsidf.S.obj (.text.__floatunsidf)
                  00000f6c    0000001c     main.o (.text.ADC0_IRQHandler)
                  00000f88    0000001c     driverlib.a : dl_timer.o (.text.DL_Timer_setCaptCompUpdateMethod)
                  00000fa4    0000001c                 : dl_timer.o (.text.DL_Timer_setClockConfig)
                  00000fc0    00000018                 : dl_timer.o (.text.DL_Timer_setCaptureCompareOutCtl)
                  00000fd8    00000018     ti_msp_dl_config.o (.text.SYSCFG_DL_BEEPER_init)
                  00000ff0    00000016     libc.a : copy_zero_init.c.obj (.text:decompress:ZI:__TI_zero_init_nomemset)
                  00001006    00000012            : copy_decompress_none.c.obj (.text:decompress:none)
                  00001018    00000010     driverlib.a : dl_timer.o (.text.DL_Timer_setCaptureCompareValue)
                  00001028    0000000a                 : dl_common.o (.text.DL_Common_delayCycles)
                  00001032    0000000a     libc.a : s_roundf.c.obj (.text.OUTLINED_FUNCTION_0)
                  0000103c    00000010     libclang_rt.builtins.a : addsf3.S.obj (.tramp.__aeabi_fadd.1)
                  0000104c    00000008                            : aeabi_memcpy.S.obj (.text.__aeabi_memcpy)
                  00001054    00000004     libc.a : pre_init.c.obj (.text._system_pre_init)
                  00001058    00000004            : exit.c.obj (.text:abort)
                  0000105c    00000004     --HOLE-- [fill = 0]

.cinit     0    000010a8    00000030     
                  000010a8    0000000c     (__TI_handler_table)
                  000010b4    00000008     (.cinit..bss.load) [load image, compression = zero_init]
                  000010bc    00000007     (.cinit..data.load) [load image, compression = lzss]
                  000010c3    00000001     --HOLE-- [fill = 0]
                  000010c4    00000010     (__TI_cinit_table)
                  000010d4    00000004     --HOLE-- [fill = 0]

.rodata    0    00001060    00000048     
                  00001060    00000014     ti_msp_dl_config.o (.rodata.gTIMER_0TimerConfig)
                  00001074    00000014     ti_msp_dl_config.o (.rodata.gTIMER_1TimerConfig)
                  00001088    00000008     ti_msp_dl_config.o (.rodata.gADC12_0ClockConfig)
                  00001090    00000008     ti_msp_dl_config.o (.rodata.gPWM_0Config)
                  00001098    00000003     ti_msp_dl_config.o (.rodata.gPWM_0ClockConfig)
                  0000109b    00000003     ti_msp_dl_config.o (.rodata.gTIMER_0ClockConfig)
                  0000109e    00000003     ti_msp_dl_config.o (.rodata.gTIMER_1ClockConfig)
                  000010a1    00000007     --HOLE-- [fill = 0]

.init_array 
*          0    00000000    00000000     UNINITIALIZED

.binit     0    00000000    00000000     

.bss       0    20000000    00000011     UNINITIALIZED
                  20000000    00000004     (.common:last_distance)
                  20000004    00000004     (.common:last_echo_s)
                  20000008    00000004     (.common:now_s)
                  2000000c    00000002     (.common:gADCOffset)
                  2000000e    00000002     (.common:gAdcResult)
                  20000010    00000001     (.common:gCheckADC)

.data      0    20000014    00000010     UNINITIALIZED
                  20000014    00000004     main.o (.data.del_div)
                  20000018    00000004     main.o (.data.distance)
                  2000001c    00000004     main.o (.data.speed_threshold)
                  20000020    00000004     main.o (.data.ticks)

.stack     0    200003c0    00000040     UNINITIALIZED
                  200003c0    00000004     libc.a : boot_cortex_m.c.obj (.stack)
                  200003c4    0000003c     --HOLE--

__llvm_prf_cnts 
*          0    20000000    00000000     UNINITIALIZED

__llvm_prf_bits 
*          0    20000000    00000000     UNINITIALIZED

MODULE SUMMARY

       Module                        code   ro data   rw data
       ------                        ----   -------   -------
    ./
       ti_msp_dl_config.o            640    65        0      
       main.o                        636    0         33     
       startup_msps003fx_ticlang.o   6      192       0      
    +--+-----------------------------+------+---------+---------+
       Total:                        1282   257       33     
                                                             
    /Applications/ti/ccs1281/ccs/tools/compiler/ti-cgt-armllvm_3.2.1.LTS/lib/armv6m-ti-none-eabi/c/libc.a
       memcpy16.S.obj                154    0         0      
       s_floorf.c.obj                140    0         0      
       copy_decompress_lzss.c.obj    120    0         0      
       s_roundf.c.obj                114    0         0      
       autoinit.c.obj                60     0         0      
       boot_cortex_m.c.obj           40     0         0      
       copy_zero_init.c.obj          22     0         0      
       copy_decompress_none.c.obj    18     0         0      
       exit.c.obj                    4      0         0      
       pre_init.c.obj                4      0         0      
    +--+-----------------------------+------+---------+---------+
       Total:                        676    0         0      
                                                             
    /Applications/ti/ccs1281/ccs/tools/compiler/ti-cgt-armllvm_3.2.1.LTS/lib/clang/15.0.7/lib/armv6m-ti-none-eabi/libclang_rt.builtins.a
       addsf3.S.obj                  232    0         0      
       muldf3.S.obj                  228    0         0      
       mulsf3.S.obj                  140    0         0      
       divsf3.S.obj                  130    0         0      
       comparesf2.S.obj              118    0         0      
       truncdfsf2.S.obj              116    0         0      
       aeabi_fcmp.S.obj              98     0         0      
       aeabi_uidivmod.S.obj          64     0         0      
       muldsi3.S.obj                 58     0         0      
       fixsfsi.S.obj                 56     0         0      
       floatsidf.S.obj               44     0         0      
       floatunsisf.S.obj             40     0         0      
       floatunsidf.S.obj             36     0         0      
       aeabi_memcpy.S.obj            8      0         0      
       aeabi_div0.c.obj              2      0         0      
    +--+-----------------------------+------+---------+---------+
       Total:                        1370   0         0      
                                                             
    /Applications/ti/mspm0_sdk_2_03_00_07/source/ti/driverlib/lib/ticlang/m0p/mspm0c110x/driverlib.a
       dl_timer.o                    588    0         0      
       dl_adc12.o                    64     0         0      
       dl_common.o                   10     0         0      
    +--+-----------------------------+------+---------+---------+
       Total:                        662    0         0      
                                                             
       Stack:                        0      0         64     
       Linker Generated:             0      43        0      
    +--+-----------------------------+------+---------+---------+
       Grand Total:                  3990   300       97     


LINKER GENERATED COPY TABLES

__TI_cinit_table @ 000010c4 records: 2, size/record: 8, table size: 16
	.bss: load addr=000010b4, load size=00000008 bytes, run addr=20000000, run size=00000011 bytes, compression=zero_init
	.data: load addr=000010bc, load size=00000007 bytes, run addr=20000014, run size=00000010 bytes, compression=lzss


LINKER GENERATED HANDLER TABLE

__TI_handler_table @ 000010a8 records: 3, size/record: 4, table size: 12
	index: 0, handler: __TI_decompress_lzss
	index: 1, handler: __TI_decompress_none
	index: 2, handler: __TI_zero_init


FAR CALL TRAMPOLINES

callee name               trampoline name
   callee addr  tramp addr   call addr  call info
--------------  -----------  ---------  ----------------
__aeabi_fadd              $Tramp$TT$L$PI$$__aeabi_fadd
   000005fb     0000103c     0000103a   libc.a : s_roundf.c.obj (.text.OUTLINED_FUNCTION_0)

[1 trampolines]
[1 trampoline calls]


GLOBAL SYMBOLS: SORTED ALPHABETICALLY BY Name 

address   name                            
-------   ----                            
00000f6d  ADC0_IRQHandler                 
00001058  C$$EXIT                         
00000c6d  DL_ADC12_setClockConfig         
00001029  DL_Common_delayCycles           
00000321  DL_Timer_initFourCCPWMMode      
00000425  DL_Timer_initTimerMode          
00000f89  DL_Timer_setCaptCompUpdateMethod
00000fc1  DL_Timer_setCaptureCompareOutCtl
00001019  DL_Timer_setCaptureCompareValue 
00000fa5  DL_Timer_setClockConfig         
00000817  DMA_IRQHandler                  
00000817  Default_Handler                 
000000c1  GPIOA_IRQHandler                
00000817  GROUP0_IRQHandler               
00000817  HardFault_Handler               
00000817  I2C0_IRQHandler                 
00000817  NMI_Handler                     
00000817  PendSV_Handler                  
00000a2d  Reset_Handler                   
00000817  SPI0_IRQHandler                 
00000817  SVC_Handler                     
00000bd5  SYSCFG_DL_ADC12_0_init          
00000fd9  SYSCFG_DL_BEEPER_init           
00000b0d  SYSCFG_DL_GPIO_init             
000006c9  SYSCFG_DL_PWM_0_init            
00000e4d  SYSCFG_DL_SYSCTL_init           
00000ddd  SYSCFG_DL_TIMER_0_init          
00000e7d  SYSCFG_DL_TIMER_1_init          
00000f25  SYSCFG_DL_init                  
00000c25  SYSCFG_DL_initPower             
00000817  SysTick_Handler                 
00000817  TIMA0_IRQHandler                
00000817  TIMG14_IRQHandler               
00000817  TIMG8_IRQHandler                
00000817  UART0_IRQHandler                
20000400  __STACK_END                     
00000040  __STACK_SIZE                    
00000000  __TI_ATRegion0_region_sz        
00000000  __TI_ATRegion0_src_addr         
00000000  __TI_ATRegion0_trg_addr         
00000000  __TI_ATRegion1_region_sz        
00000000  __TI_ATRegion1_src_addr         
00000000  __TI_ATRegion1_trg_addr         
00000000  __TI_ATRegion2_region_sz        
00000000  __TI_ATRegion2_src_addr         
00000000  __TI_ATRegion2_trg_addr         
000010c4  __TI_CINIT_Base                 
000010d4  __TI_CINIT_Limit                
000010d4  __TI_CINIT_Warm                 
000010a8  __TI_Handler_Table_Base         
000010b4  __TI_Handler_Table_Limit        
00000d29  __TI_auto_init_nobinit_nopinit  
000009b5  __TI_decompress_lzss            
00001007  __TI_decompress_none            
ffffffff  __TI_pprof_out_hndl             
ffffffff  __TI_prof_data_size             
ffffffff  __TI_prof_data_start            
00000000  __TI_static_base__              
00000ff1  __TI_zero_init_nomemset         
000005fb  __addsf3                        
00000a31  __aeabi_d2f                     
0000050d  __aeabi_dmul                    
00000e15  __aeabi_f2iz                    
000005fb  __aeabi_fadd                    
00000b71  __aeabi_fcmpeq                  
00000bad  __aeabi_fcmpge                  
00000bc1  __aeabi_fcmpgt                  
00000b99  __aeabi_fcmple                  
00000b85  __aeabi_fcmplt                  
00000931  __aeabi_fdiv                    
00000819  __aeabi_fmul                    
000005f1  __aeabi_fsub                    
00000ea9  __aeabi_i2d                     
000009b3  __aeabi_idiv0                   
0000104d  __aeabi_memcpy                  
0000104d  __aeabi_memcpy4                 
0000104d  __aeabi_memcpy8                 
00000f49  __aeabi_ui2d                    
00000ed5  __aeabi_ui2f                    
00000cad  __aeabi_uidiv                   
00000cad  __aeabi_uidivmod                
ffffffff  __binit__                       
00000d65  __cmpsf2                        
00000931  __divsf3                        
00000d65  __eqsf2                         
00000e15  __fixsfsi                       
00000ea9  __floatsidf                     
00000f49  __floatunsidf                   
00000ed5  __floatunsisf                   
00000ced  __gesf2                         
00000ced  __gtsf2                         
00000d65  __lesf2                         
00000d65  __ltsf2                         
UNDEFED   __mpu_init                      
0000050d  __muldf3                        
00000da1  __muldsi3                       
00000819  __mulsf3                        
00000d65  __nesf2                         
200003c0  __stack                         
20000000  __start___llvm_prf_bits         
20000000  __start___llvm_prf_cnts         
20000000  __stop___llvm_prf_bits          
20000000  __stop___llvm_prf_cnts          
000005f1  __subsf3                        
00000a31  __truncdfsf2                    
00000efd  _c_int00_noargs                 
UNDEFED   _system_post_cinit              
00001055  _system_pre_init                
00001059  abort                           
ffffffff  binit                           
20000014  del_div                         
20000018  distance                        
000008a5  floorf                          
2000000c  gADCOffset                      
2000000e  gAdcResult                      
20000010  gCheckADC                       
00000000  interruptVectors                
20000000  last_distance                   
20000004  last_echo_s                     
00000209  main                            
0000077d  memcpy                          
20000008  now_s                           
00000aa5  roundf                          
2000001c  speed_threshold                 
20000020  ticks                           


GLOBAL SYMBOLS: SORTED BY Symbol Address 

address   name                            
-------   ----                            
00000000  __TI_ATRegion0_region_sz        
00000000  __TI_ATRegion0_src_addr         
00000000  __TI_ATRegion0_trg_addr         
00000000  __TI_ATRegion1_region_sz        
00000000  __TI_ATRegion1_src_addr         
00000000  __TI_ATRegion1_trg_addr         
00000000  __TI_ATRegion2_region_sz        
00000000  __TI_ATRegion2_src_addr         
00000000  __TI_ATRegion2_trg_addr         
00000000  __TI_static_base__              
00000000  interruptVectors                
00000040  __STACK_SIZE                    
000000c1  GPIOA_IRQHandler                
00000209  main                            
00000321  DL_Timer_initFourCCPWMMode      
00000425  DL_Timer_initTimerMode          
0000050d  __aeabi_dmul                    
0000050d  __muldf3                        
000005f1  __aeabi_fsub                    
000005f1  __subsf3                        
000005fb  __addsf3                        
000005fb  __aeabi_fadd                    
000006c9  SYSCFG_DL_PWM_0_init            
0000077d  memcpy                          
00000817  DMA_IRQHandler                  
00000817  Default_Handler                 
00000817  GROUP0_IRQHandler               
00000817  HardFault_Handler               
00000817  I2C0_IRQHandler                 
00000817  NMI_Handler                     
00000817  PendSV_Handler                  
00000817  SPI0_IRQHandler                 
00000817  SVC_Handler                     
00000817  SysTick_Handler                 
00000817  TIMA0_IRQHandler                
00000817  TIMG14_IRQHandler               
00000817  TIMG8_IRQHandler                
00000817  UART0_IRQHandler                
00000819  __aeabi_fmul                    
00000819  __mulsf3                        
000008a5  floorf                          
00000931  __aeabi_fdiv                    
00000931  __divsf3                        
000009b3  __aeabi_idiv0                   
000009b5  __TI_decompress_lzss            
00000a2d  Reset_Handler                   
00000a31  __aeabi_d2f                     
00000a31  __truncdfsf2                    
00000aa5  roundf                          
00000b0d  SYSCFG_DL_GPIO_init             
00000b71  __aeabi_fcmpeq                  
00000b85  __aeabi_fcmplt                  
00000b99  __aeabi_fcmple                  
00000bad  __aeabi_fcmpge                  
00000bc1  __aeabi_fcmpgt                  
00000bd5  SYSCFG_DL_ADC12_0_init          
00000c25  SYSCFG_DL_initPower             
00000c6d  DL_ADC12_setClockConfig         
00000cad  __aeabi_uidiv                   
00000cad  __aeabi_uidivmod                
00000ced  __gesf2                         
00000ced  __gtsf2                         
00000d29  __TI_auto_init_nobinit_nopinit  
00000d65  __cmpsf2                        
00000d65  __eqsf2                         
00000d65  __lesf2                         
00000d65  __ltsf2                         
00000d65  __nesf2                         
00000da1  __muldsi3                       
00000ddd  SYSCFG_DL_TIMER_0_init          
00000e15  __aeabi_f2iz                    
00000e15  __fixsfsi                       
00000e4d  SYSCFG_DL_SYSCTL_init           
00000e7d  SYSCFG_DL_TIMER_1_init          
00000ea9  __aeabi_i2d                     
00000ea9  __floatsidf                     
00000ed5  __aeabi_ui2f                    
00000ed5  __floatunsisf                   
00000efd  _c_int00_noargs                 
00000f25  SYSCFG_DL_init                  
00000f49  __aeabi_ui2d                    
00000f49  __floatunsidf                   
00000f6d  ADC0_IRQHandler                 
00000f89  DL_Timer_setCaptCompUpdateMethod
00000fa5  DL_Timer_setClockConfig         
00000fc1  DL_Timer_setCaptureCompareOutCtl
00000fd9  SYSCFG_DL_BEEPER_init           
00000ff1  __TI_zero_init_nomemset         
00001007  __TI_decompress_none            
00001019  DL_Timer_setCaptureCompareValue 
00001029  DL_Common_delayCycles           
0000104d  __aeabi_memcpy                  
0000104d  __aeabi_memcpy4                 
0000104d  __aeabi_memcpy8                 
00001055  _system_pre_init                
00001058  C$$EXIT                         
00001059  abort                           
000010a8  __TI_Handler_Table_Base         
000010b4  __TI_Handler_Table_Limit        
000010c4  __TI_CINIT_Base                 
000010d4  __TI_CINIT_Limit                
000010d4  __TI_CINIT_Warm                 
20000000  __start___llvm_prf_bits         
20000000  __start___llvm_prf_cnts         
20000000  __stop___llvm_prf_bits          
20000000  __stop___llvm_prf_cnts          
20000000  last_distance                   
20000004  last_echo_s                     
20000008  now_s                           
2000000c  gADCOffset                      
2000000e  gAdcResult                      
20000010  gCheckADC                       
20000014  del_div                         
20000018  distance                        
2000001c  speed_threshold                 
20000020  ticks                           
200003c0  __stack                         
20000400  __STACK_END                     
ffffffff  __TI_pprof_out_hndl             
ffffffff  __TI_prof_data_size             
ffffffff  __TI_prof_data_start            
ffffffff  __binit__                       
ffffffff  binit                           
UNDEFED   __mpu_init                      
UNDEFED   _system_post_cinit              

[125 symbols]
