******************************************************************************
            TI ARM Clang Linker Unix v3.2.1                    
******************************************************************************
>> Linked Tue May  6 18:41:51 2025

OUTPUT FILE NAME:   <lab8_test.out>
ENTRY POINT SYMBOL: "_c_int00_noinit_noargs"  address: 0000013d


MEMORY CONFIGURATION

         name            origin    length      used     unused   attr    fill
----------------------  --------  ---------  --------  --------  ----  --------
  FLASH                 00000000   00002000  00000178  00001e88  R  X
  SRAM                  20000000   00000400  00000040  000003c0  RW X
  BCR_CONFIG            41c00000   00000080  00000000  00000080  R   


SEGMENT ALLOCATION MAP

run origin  load origin   length   init length attrs members
----------  ----------- ---------- ----------- ----- -------
00000000    00000000    00000178   00000178    r-x
  00000000    00000000    000000c0   000000c0    r-- .intvecs
  000000c0    000000c0    000000b8   000000b8    r-x .text
200003c0    200003c0    00000040   00000000    rw-
  200003c0    200003c0    00000040   00000000    rw- .stack


SECTION ALLOCATION MAP

 output                                  attributes/
section   page    origin      length       input sections
--------  ----  ----------  ----------   ----------------
.intvecs   0    00000000    000000c0     
                  00000000    000000c0     startup_msps003fx_ticlang.o (.intvecs)

.text      0    000000c0    000000b8     
                  000000c0    0000007c     main.o (.text.main)
                  0000013c    00000020     libc.a : boot_cortex_m.c.obj (.text:_c_int00_noinit_noargs)
                  0000015c    0000000a     driverlib.a : dl_common.o (.text.DL_Common_delayCycles)
                  00000166    00000004     startup_msps003fx_ticlang.o (.text.Reset_Handler)
                  0000016a    00000004     libc.a : pre_init.c.obj (.text._system_pre_init)
                  0000016e    00000004            : exit.c.obj (.text:abort)
                  00000172    00000002     startup_msps003fx_ticlang.o (.text.Default_Handler)
                  00000174    00000004     --HOLE-- [fill = 0]

.cinit     0    00000000    00000000     

.init_array 
*          0    00000000    00000000     UNINITIALIZED

.binit     0    00000000    00000000     

.stack     0    200003c0    00000040     UNINITIALIZED
                  200003c0    00000004     libc.a : boot_cortex_m.c.obj (.stack)
                  200003c4    0000003c     --HOLE--

__llvm_prf_cnts 
*          0    20000000    00000000     UNINITIALIZED

__llvm_prf_bits 
*          0    20000000    00000000     UNINITIALIZED

MODULE SUMMARY

       Module                        code   ro data   rw data
       ------                        ----   -------   -------
    ./
       startup_msps003fx_ticlang.o   6      192       0      
       main.o                        124    0         0      
    +--+-----------------------------+------+---------+---------+
       Total:                        130    192       0      
                                                             
    /Applications/ti/ccs1281/ccs/tools/compiler/ti-cgt-armllvm_3.2.1.LTS/lib/armv6m-ti-none-eabi/c/libc.a
       boot_cortex_m.c.obj           32     0         0      
       exit.c.obj                    4      0         0      
       pre_init.c.obj                4      0         0      
    +--+-----------------------------+------+---------+---------+
       Total:                        40     0         0      
                                                             
    /Applications/ti/mspm0_sdk_2_03_00_07/source/ti/driverlib/lib/ticlang/m0p/mspm0c110x/driverlib.a
       dl_common.o                   10     0         0      
    +--+-----------------------------+------+---------+---------+
       Total:                        10     0         0      
                                                             
       Stack:                        0      0         64     
    +--+-----------------------------+------+---------+---------+
       Grand Total:                  180    192       64     


GLOBAL SYMBOLS: SORTED ALPHABETICALLY BY Name 

address   name                    
-------   ----                    
00000173  ADC0_IRQHandler         
0000016e  C$$EXIT                 
0000015d  DL_Common_delayCycles   
00000173  DMA_IRQHandler          
00000173  Default_Handler         
00000173  GPIOA_IRQHandler        
00000173  GROUP0_IRQHandler       
00000173  HardFault_Handler       
00000173  I2C0_IRQHandler         
00000173  NMI_Handler             
00000173  PendSV_Handler          
00000167  Reset_Handler           
00000173  SPI0_IRQHandler         
00000173  SVC_Handler             
00000173  SysTick_Handler         
00000173  TIMA0_IRQHandler        
00000173  TIMG14_IRQHandler       
00000173  TIMG8_IRQHandler        
00000173  UART0_IRQHandler        
20000400  __STACK_END             
00000040  __STACK_SIZE            
00000000  __TI_ATRegion0_region_sz
00000000  __TI_ATRegion0_src_addr 
00000000  __TI_ATRegion0_trg_addr 
00000000  __TI_ATRegion1_region_sz
00000000  __TI_ATRegion1_src_addr 
00000000  __TI_ATRegion1_trg_addr 
00000000  __TI_ATRegion2_region_sz
00000000  __TI_ATRegion2_src_addr 
00000000  __TI_ATRegion2_trg_addr 
00000000  __TI_CINIT_Base         
00000000  __TI_CINIT_Limit        
00000000  __TI_CINIT_Warm         
ffffffff  __TI_pprof_out_hndl     
ffffffff  __TI_prof_data_size     
ffffffff  __TI_prof_data_start    
00000000  __TI_static_base__      
ffffffff  __binit__               
UNDEFED   __mpu_init              
200003c0  __stack                 
20000000  __start___llvm_prf_bits 
20000000  __start___llvm_prf_cnts 
20000000  __stop___llvm_prf_bits  
20000000  __stop___llvm_prf_cnts  
0000013d  _c_int00_noinit_noargs  
0000016b  _system_pre_init        
0000016f  abort                   
ffffffff  binit                   
00000000  interruptVectors        
000000c1  main                    


GLOBAL SYMBOLS: SORTED BY Symbol Address 

address   name                    
-------   ----                    
00000000  __TI_ATRegion0_region_sz
00000000  __TI_ATRegion0_src_addr 
00000000  __TI_ATRegion0_trg_addr 
00000000  __TI_ATRegion1_region_sz
00000000  __TI_ATRegion1_src_addr 
00000000  __TI_ATRegion1_trg_addr 
00000000  __TI_ATRegion2_region_sz
00000000  __TI_ATRegion2_src_addr 
00000000  __TI_ATRegion2_trg_addr 
00000000  __TI_CINIT_Base         
00000000  __TI_CINIT_Limit        
00000000  __TI_CINIT_Warm         
00000000  __TI_static_base__      
00000000  interruptVectors        
00000040  __STACK_SIZE            
000000c1  main                    
0000013d  _c_int00_noinit_noargs  
0000015d  DL_Common_delayCycles   
00000167  Reset_Handler           
0000016b  _system_pre_init        
0000016e  C$$EXIT                 
0000016f  abort                   
00000173  ADC0_IRQHandler         
00000173  DMA_IRQHandler          
00000173  Default_Handler         
00000173  GPIOA_IRQHandler        
00000173  GROUP0_IRQHandler       
00000173  HardFault_Handler       
00000173  I2C0_IRQHandler         
00000173  NMI_Handler             
00000173  PendSV_Handler          
00000173  SPI0_IRQHandler         
00000173  SVC_Handler             
00000173  SysTick_Handler         
00000173  TIMA0_IRQHandler        
00000173  TIMG14_IRQHandler       
00000173  TIMG8_IRQHandler        
00000173  UART0_IRQHandler        
20000000  __start___llvm_prf_bits 
20000000  __start___llvm_prf_cnts 
20000000  __stop___llvm_prf_bits  
20000000  __stop___llvm_prf_cnts  
200003c0  __stack                 
20000400  __STACK_END             
ffffffff  __TI_pprof_out_hndl     
ffffffff  __TI_prof_data_size     
ffffffff  __TI_prof_data_start    
ffffffff  __binit__               
ffffffff  binit                   
UNDEFED   __mpu_init              

[50 symbols]
