******************************************************************************
            TI ARM Clang Linker Unix v3.2.1                    
******************************************************************************
>> Linked Wed May  7 14:35:44 2025

OUTPUT FILE NAME:   <lab8_test.out>
ENTRY POINT SYMBOL: "_c_int00_noargs"  address: 00000ab9


MEMORY CONFIGURATION

         name            origin    length      used     unused   attr    fill
----------------------  --------  ---------  --------  --------  ----  --------
  FLASH                 00000000   00002000  00000ca8  00001358  R  X
  SRAM                  20000000   00000400  00000131  000002cf  RW X
  BCR_CONFIG            41c00000   00000080  00000000  00000080  R   


SEGMENT ALLOCATION MAP

run origin  load origin   length   init length attrs members
----------  ----------- ---------- ----------- ----- -------
00000000    00000000    00000ca8   00000ca8    r-x
  00000000    00000000    000000c0   000000c0    r-- .intvecs
  000000c0    000000c0    00000b70   00000b70    r-x .text
  00000c30    00000c30    00000030   00000030    r-- .rodata
  00000c60    00000c60    00000048   00000048    r-- .cinit
20000000    20000000    000000f1   00000000    rw-
  20000000    20000000    000000b0   00000000    rw- .bss
  200000b0    200000b0    00000041   00000000    rw- .data
200003c0    200003c0    00000040   00000000    rw-
  200003c0    200003c0    00000040   00000000    rw- .stack


SECTION ALLOCATION MAP

 output                                  attributes/
section   page    origin      length       input sections
--------  ----  ----------  ----------   ----------------
.intvecs   0    00000000    000000c0     
                  00000000    000000c0     startup_msps003fx_ticlang.o (.intvecs)

.text      0    000000c0    00000b70     
                  000000c0    000001b8     i2c_comm_controller.o (.text.I2C_sendCommand)
                  00000278    00000104     driverlib.a : dl_timer.o (.text.DL_Timer_initFourCCPWMMode)
                  0000037c    000000e8                 : dl_timer.o (.text.DL_Timer_initTimerMode)
                  00000464    000000c0     ti_msp_dl_config.o (.text.SYSCFG_DL_PWM_0_init)
                  00000524    000000a0     main.o (.text.main)
                  000005c4    0000009a     libc.a : memcpy16.S.obj (.text:memcpy)
                  0000065e    00000002     startup_msps003fx_ticlang.o (.text.Default_Handler)
                  00000660    00000098     driverlib.a : dl_crc.o (.text.DL_CRC_calculateBlock16)
                  000006f8    00000090     i2c_comm_controller.o (.text.I2C_getResponse)
                  00000788    00000078     libc.a : copy_decompress_lzss.c.obj (.text:decompress:lzss)
                  00000800    0000005e     driverlib.a : dl_i2c.o (.text.DL_I2C_fillControllerTXFIFO)
                  0000085e    00000002     libclang_rt.builtins.a : aeabi_div0.c.obj (.text.__aeabi_idiv0)
                  00000860    00000054     ti_msp_dl_config.o (.text.SYSCFG_DL_I2C_0_init)
                  000008b4    00000054     ti_msp_dl_config.o (.text.SYSCFG_DL_initPower)
                  00000908    00000050     ti_msp_dl_config.o (.text.SYSCFG_DL_ADC12_0_init)
                  00000958    00000044     ti_msp_dl_config.o (.text.SYSCFG_DL_GPIO_init)
                  0000099c    00000040     driverlib.a : dl_adc12.o (.text.DL_ADC12_setClockConfig)
                  000009dc    00000040     libclang_rt.builtins.a : aeabi_uidivmod.S.obj (.text.__aeabi_uidivmod)
                  00000a1c    0000003c     libc.a : autoinit.c.obj (.text:__TI_auto_init_nobinit_nopinit)
                  00000a58    00000038     ti_msp_dl_config.o (.text.SYSCFG_DL_TIMER_0_init)
                  00000a90    00000028     ti_msp_dl_config.o (.text.SYSCFG_DL_init)
                  00000ab8    00000028     libc.a : boot_cortex_m.c.obj (.text:_c_int00_noargs)
                  00000ae0    00000026     driverlib.a : dl_i2c.o (.text.DL_I2C_setClockConfig)
                  00000b06    00000002     --HOLE-- [fill = 0]
                  00000b08    00000024     ti_msp_dl_config.o (.text.SYSCFG_DL_SYSCTL_init)
                  00000b2c    00000020     ti_msp_dl_config.o (.text.SYSCFG_DL_CRC_init)
                  00000b4c    0000001e     i2c_comm_controller.o (.text.I2C_init)
                  00000b6a    00000002     --HOLE-- [fill = 0]
                  00000b6c    0000001c     driverlib.a : dl_timer.o (.text.DL_Timer_setCaptCompUpdateMethod)
                  00000b88    0000001c                 : dl_timer.o (.text.DL_Timer_setClockConfig)
                  00000ba4    00000018                 : dl_timer.o (.text.DL_Timer_setCaptureCompareOutCtl)
                  00000bbc    00000018     ti_msp_dl_config.o (.text.SYSCFG_DL_BEEPER_init)
                  00000bd4    00000016     libc.a : copy_zero_init.c.obj (.text:decompress:ZI:__TI_zero_init_nomemset)
                  00000bea    00000012            : copy_decompress_none.c.obj (.text:decompress:none)
                  00000bfc    00000010     driverlib.a : dl_timer.o (.text.DL_Timer_setCaptureCompareValue)
                  00000c0c    0000000a                 : dl_common.o (.text.DL_Common_delayCycles)
                  00000c16    00000002     --HOLE-- [fill = 0]
                  00000c18    00000008     libclang_rt.builtins.a : aeabi_memcpy.S.obj (.text.__aeabi_memcpy)
                  00000c20    00000004     startup_msps003fx_ticlang.o (.text.Reset_Handler)
                  00000c24    00000004     libc.a : pre_init.c.obj (.text._system_pre_init)
                  00000c28    00000004            : exit.c.obj (.text:abort)
                  00000c2c    00000004     --HOLE-- [fill = 0]

.cinit     0    00000c60    00000048     
                  00000c60    00000023     (.cinit..data.load) [load image, compression = lzss]
                  00000c83    00000001     --HOLE-- [fill = 0]
                  00000c84    0000000c     (__TI_handler_table)
                  00000c90    00000008     (.cinit..bss.load) [load image, compression = zero_init]
                  00000c98    00000010     (__TI_cinit_table)

.rodata    0    00000c30    00000030     
                  00000c30    00000014     ti_msp_dl_config.o (.rodata.gTIMER_0TimerConfig)
                  00000c44    00000008     ti_msp_dl_config.o (.rodata.gADC12_0ClockConfig)
                  00000c4c    00000008     ti_msp_dl_config.o (.rodata.gPWM_0Config)
                  00000c54    00000003     ti_msp_dl_config.o (.rodata.gPWM_0ClockConfig)
                  00000c57    00000003     ti_msp_dl_config.o (.rodata.gTIMER_0ClockConfig)
                  00000c5a    00000002     ti_msp_dl_config.o (.rodata.gI2C_0ClockConfig)
                  00000c5c    00000004     --HOLE-- [fill = 0]

.init_array 
*          0    00000000    00000000     UNINITIALIZED

.binit     0    00000000    00000000     

.bss       0    20000000    000000b0     UNINITIALIZED
                  20000000    0000009c     (.common:gI2C)
                  2000009c    00000014     (.common:gCommand)

.data      0    200000b0    00000041     UNINITIALIZED
                  200000b0    00000040     main.o (.data.gTxData)
                  200000f0    00000001     main.o (.data.gSendCommand)

.stack     0    200003c0    00000040     UNINITIALIZED
                  200003c0    00000004     libc.a : boot_cortex_m.c.obj (.stack)
                  200003c4    0000003c     --HOLE--

__llvm_prf_cnts 
*          0    20000000    00000000     UNINITIALIZED

__llvm_prf_bits 
*          0    20000000    00000000     UNINITIALIZED

MODULE SUMMARY

       Module                        code   ro data   rw data
       ------                        ----   -------   -------
    ./
       ti_msp_dl_config.o            696    44        0      
       main.o                        160    0         241    
       startup_msps003fx_ticlang.o   6      192       0      
    +--+-----------------------------+------+---------+---------+
       Total:                        862    236       241    
                                                             
    ./ti/comm_modules/i2c/controller/
       i2c_comm_controller.o         614    0         0      
    +--+-----------------------------+------+---------+---------+
       Total:                        614    0         0      
                                                             
    /Applications/ti/ccs1281/ccs/tools/compiler/ti-cgt-armllvm_3.2.1.LTS/lib/armv6m-ti-none-eabi/c/libc.a
       memcpy16.S.obj                154    0         0      
       copy_decompress_lzss.c.obj    120    0         0      
       autoinit.c.obj                60     0         0      
       boot_cortex_m.c.obj           40     0         0      
       copy_zero_init.c.obj          22     0         0      
       copy_decompress_none.c.obj    18     0         0      
       exit.c.obj                    4      0         0      
       pre_init.c.obj                4      0         0      
    +--+-----------------------------+------+---------+---------+
       Total:                        422    0         0      
                                                             
    /Applications/ti/ccs1281/ccs/tools/compiler/ti-cgt-armllvm_3.2.1.LTS/lib/clang/15.0.7/lib/armv6m-ti-none-eabi/libclang_rt.builtins.a
       aeabi_uidivmod.S.obj          64     0         0      
       aeabi_memcpy.S.obj            8      0         0      
       aeabi_div0.c.obj              2      0         0      
    +--+-----------------------------+------+---------+---------+
       Total:                        74     0         0      
                                                             
    /Applications/ti/mspm0_sdk_2_03_00_07/source/ti/driverlib/lib/ticlang/m0p/mspm0c110x/driverlib.a
       dl_timer.o                    588    0         0      
       dl_crc.o                      152    0         0      
       dl_i2c.o                      132    0         0      
       dl_adc12.o                    64     0         0      
       dl_common.o                   10     0         0      
    +--+-----------------------------+------+---------+---------+
       Total:                        946    0         0      
                                                             
       Stack:                        0      0         64     
       Linker Generated:             0      71        0      
    +--+-----------------------------+------+---------+---------+
       Grand Total:                  2918   307       305    


LINKER GENERATED COPY TABLES

__TI_cinit_table @ 00000c98 records: 2, size/record: 8, table size: 16
	.data: load addr=00000c60, load size=00000023 bytes, run addr=200000b0, run size=00000041 bytes, compression=lzss
	.bss: load addr=00000c90, load size=00000008 bytes, run addr=20000000, run size=000000b0 bytes, compression=zero_init


LINKER GENERATED HANDLER TABLE

__TI_handler_table @ 00000c84 records: 3, size/record: 4, table size: 12
	index: 0, handler: __TI_decompress_lzss
	index: 1, handler: __TI_decompress_none
	index: 2, handler: __TI_zero_init


GLOBAL SYMBOLS: SORTED ALPHABETICALLY BY Name 

address   name                            
-------   ----                            
0000065f  ADC0_IRQHandler                 
00000c28  C$$EXIT                         
0000099d  DL_ADC12_setClockConfig         
00000661  DL_CRC_calculateBlock16         
00000c0d  DL_Common_delayCycles           
00000801  DL_I2C_fillControllerTXFIFO     
00000ae1  DL_I2C_setClockConfig           
00000279  DL_Timer_initFourCCPWMMode      
0000037d  DL_Timer_initTimerMode          
00000b6d  DL_Timer_setCaptCompUpdateMethod
00000ba5  DL_Timer_setCaptureCompareOutCtl
00000bfd  DL_Timer_setCaptureCompareValue 
00000b89  DL_Timer_setClockConfig         
0000065f  DMA_IRQHandler                  
0000065f  Default_Handler                 
0000065f  GPIOA_IRQHandler                
0000065f  GROUP0_IRQHandler               
0000065f  HardFault_Handler               
0000065f  I2C0_IRQHandler                 
000006f9  I2C_getResponse                 
00000b4d  I2C_init                        
000000c1  I2C_sendCommand                 
0000065f  NMI_Handler                     
0000065f  PendSV_Handler                  
00000c21  Reset_Handler                   
0000065f  SPI0_IRQHandler                 
0000065f  SVC_Handler                     
00000909  SYSCFG_DL_ADC12_0_init          
00000bbd  SYSCFG_DL_BEEPER_init           
00000b2d  SYSCFG_DL_CRC_init              
00000959  SYSCFG_DL_GPIO_init             
00000861  SYSCFG_DL_I2C_0_init            
00000465  SYSCFG_DL_PWM_0_init            
00000b09  SYSCFG_DL_SYSCTL_init           
00000a59  SYSCFG_DL_TIMER_0_init          
00000a91  SYSCFG_DL_init                  
000008b5  SYSCFG_DL_initPower             
0000065f  SysTick_Handler                 
0000065f  TIMA0_IRQHandler                
0000065f  TIMG14_IRQHandler               
0000065f  TIMG8_IRQHandler                
0000065f  UART0_IRQHandler                
20000400  __STACK_END                     
00000040  __STACK_SIZE                    
00000000  __TI_ATRegion0_region_sz        
00000000  __TI_ATRegion0_src_addr         
00000000  __TI_ATRegion0_trg_addr         
00000000  __TI_ATRegion1_region_sz        
00000000  __TI_ATRegion1_src_addr         
00000000  __TI_ATRegion1_trg_addr         
00000000  __TI_ATRegion2_region_sz        
00000000  __TI_ATRegion2_src_addr         
00000000  __TI_ATRegion2_trg_addr         
00000c98  __TI_CINIT_Base                 
00000ca8  __TI_CINIT_Limit                
00000ca8  __TI_CINIT_Warm                 
00000c84  __TI_Handler_Table_Base         
00000c90  __TI_Handler_Table_Limit        
00000a1d  __TI_auto_init_nobinit_nopinit  
00000789  __TI_decompress_lzss            
00000beb  __TI_decompress_none            
ffffffff  __TI_pprof_out_hndl             
ffffffff  __TI_prof_data_size             
ffffffff  __TI_prof_data_start            
00000000  __TI_static_base__              
00000bd5  __TI_zero_init_nomemset         
0000085f  __aeabi_idiv0                   
00000c19  __aeabi_memcpy                  
00000c19  __aeabi_memcpy4                 
00000c19  __aeabi_memcpy8                 
000009dd  __aeabi_uidiv                   
000009dd  __aeabi_uidivmod                
ffffffff  __binit__                       
UNDEFED   __mpu_init                      
200003c0  __stack                         
20000000  __start___llvm_prf_bits         
20000000  __start___llvm_prf_cnts         
20000000  __stop___llvm_prf_bits          
20000000  __stop___llvm_prf_cnts          
00000ab9  _c_int00_noargs                 
UNDEFED   _system_post_cinit              
00000c25  _system_pre_init                
00000c29  abort                           
ffffffff  binit                           
2000009c  gCommand                        
20000000  gI2C                            
200000f0  gSendCommand                    
200000b0  gTxData                         
00000000  interruptVectors                
00000525  main                            
000005c5  memcpy                          


GLOBAL SYMBOLS: SORTED BY Symbol Address 

address   name                            
-------   ----                            
00000000  __TI_ATRegion0_region_sz        
00000000  __TI_ATRegion0_src_addr         
00000000  __TI_ATRegion0_trg_addr         
00000000  __TI_ATRegion1_region_sz        
00000000  __TI_ATRegion1_src_addr         
00000000  __TI_ATRegion1_trg_addr         
00000000  __TI_ATRegion2_region_sz        
00000000  __TI_ATRegion2_src_addr         
00000000  __TI_ATRegion2_trg_addr         
00000000  __TI_static_base__              
00000000  interruptVectors                
00000040  __STACK_SIZE                    
000000c1  I2C_sendCommand                 
00000279  DL_Timer_initFourCCPWMMode      
0000037d  DL_Timer_initTimerMode          
00000465  SYSCFG_DL_PWM_0_init            
00000525  main                            
000005c5  memcpy                          
0000065f  ADC0_IRQHandler                 
0000065f  DMA_IRQHandler                  
0000065f  Default_Handler                 
0000065f  GPIOA_IRQHandler                
0000065f  GROUP0_IRQHandler               
0000065f  HardFault_Handler               
0000065f  I2C0_IRQHandler                 
0000065f  NMI_Handler                     
0000065f  PendSV_Handler                  
0000065f  SPI0_IRQHandler                 
0000065f  SVC_Handler                     
0000065f  SysTick_Handler                 
0000065f  TIMA0_IRQHandler                
0000065f  TIMG14_IRQHandler               
0000065f  TIMG8_IRQHandler                
0000065f  UART0_IRQHandler                
00000661  DL_CRC_calculateBlock16         
000006f9  I2C_getResponse                 
00000789  __TI_decompress_lzss            
00000801  DL_I2C_fillControllerTXFIFO     
0000085f  __aeabi_idiv0                   
00000861  SYSCFG_DL_I2C_0_init            
000008b5  SYSCFG_DL_initPower             
00000909  SYSCFG_DL_ADC12_0_init          
00000959  SYSCFG_DL_GPIO_init             
0000099d  DL_ADC12_setClockConfig         
000009dd  __aeabi_uidiv                   
000009dd  __aeabi_uidivmod                
00000a1d  __TI_auto_init_nobinit_nopinit  
00000a59  SYSCFG_DL_TIMER_0_init          
00000a91  SYSCFG_DL_init                  
00000ab9  _c_int00_noargs                 
00000ae1  DL_I2C_setClockConfig           
00000b09  SYSCFG_DL_SYSCTL_init           
00000b2d  SYSCFG_DL_CRC_init              
00000b4d  I2C_init                        
00000b6d  DL_Timer_setCaptCompUpdateMethod
00000b89  DL_Timer_setClockConfig         
00000ba5  DL_Timer_setCaptureCompareOutCtl
00000bbd  SYSCFG_DL_BEEPER_init           
00000bd5  __TI_zero_init_nomemset         
00000beb  __TI_decompress_none            
00000bfd  DL_Timer_setCaptureCompareValue 
00000c0d  DL_Common_delayCycles           
00000c19  __aeabi_memcpy                  
00000c19  __aeabi_memcpy4                 
00000c19  __aeabi_memcpy8                 
00000c21  Reset_Handler                   
00000c25  _system_pre_init                
00000c28  C$$EXIT                         
00000c29  abort                           
00000c84  __TI_Handler_Table_Base         
00000c90  __TI_Handler_Table_Limit        
00000c98  __TI_CINIT_Base                 
00000ca8  __TI_CINIT_Limit                
00000ca8  __TI_CINIT_Warm                 
20000000  __start___llvm_prf_bits         
20000000  __start___llvm_prf_cnts         
20000000  __stop___llvm_prf_bits          
20000000  __stop___llvm_prf_cnts          
20000000  gI2C                            
2000009c  gCommand                        
200000b0  gTxData                         
200000f0  gSendCommand                    
200003c0  __stack                         
20000400  __STACK_END                     
ffffffff  __TI_pprof_out_hndl             
ffffffff  __TI_prof_data_size             
ffffffff  __TI_prof_data_start            
ffffffff  __binit__                       
ffffffff  binit                           
UNDEFED   __mpu_init                      
UNDEFED   _system_post_cinit              

[91 symbols]
